Component: ARM Compiler 5.06 update 5 (build 528) Tool: armlink [4d35e2]

==============================================================================

Section Cross References

    startup_stm32f10x_hd.o(RESET) refers to startup_stm32f10x_hd.o(STACK) for __initial_sp
    startup_stm32f10x_hd.o(RESET) refers to startup_stm32f10x_hd.o(.text) for Reset_Handler
    startup_stm32f10x_hd.o(RESET) refers to stm32f10x_it.o(i.NMI_Handler) for NMI_Handler
    startup_stm32f10x_hd.o(RESET) refers to stm32f10x_it.o(i.HardFault_Handler) for HardFault_Handler
    startup_stm32f10x_hd.o(RESET) refers to stm32f10x_it.o(i.MemManage_Handler) for MemManage_Handler
    startup_stm32f10x_hd.o(RESET) refers to stm32f10x_it.o(i.BusFault_Handler) for BusFault_Handler
    startup_stm32f10x_hd.o(RESET) refers to stm32f10x_it.o(i.UsageFault_Handler) for UsageFault_Handler
    startup_stm32f10x_hd.o(RESET) refers to stm32f10x_it.o(i.SVC_Handler) for SVC_Handler
    startup_stm32f10x_hd.o(RESET) refers to stm32f10x_it.o(i.DebugMon_Handler) for DebugMon_Handler
    startup_stm32f10x_hd.o(RESET) refers to stm32f10x_it.o(i.PendSV_Handler) for PendSV_Handler
    startup_stm32f10x_hd.o(RESET) refers to stm32f10x_it.o(i.SysTick_Handler) for SysTick_Handler
    startup_stm32f10x_hd.o(RESET) refers to main.o(i.TIM1_UP_IRQHandler) for TIM1_UP_IRQHandler
    startup_stm32f10x_hd.o(RESET) refers to encoder.o(i.TIM2_IRQHandler) for TIM2_IRQHandler
    startup_stm32f10x_hd.o(RESET) refers to encoder.o(i.TIM4_IRQHandler) for TIM4_IRQHandler
    startup_stm32f10x_hd.o(RESET) refers to serial.o(i.USART2_IRQHandler) for USART2_IRQHandler
    startup_stm32f10x_hd.o(RESET) refers to main.o(i.TIM8_UP_IRQHandler) for TIM8_UP_IRQHandler
    startup_stm32f10x_hd.o(.text) refers to system_stm32f10x.o(i.SystemInit) for SystemInit
    startup_stm32f10x_hd.o(.text) refers to entry.o(.ARM.Collect$$$$00000000) for __main
    system_stm32f10x.o(i.SetSysClock) refers to system_stm32f10x.o(i.SetSysClockTo72) for SetSysClockTo72
    system_stm32f10x.o(i.SystemCoreClockUpdate) refers to system_stm32f10x.o(.data) for SystemCoreClock
    system_stm32f10x.o(i.SystemInit) refers to system_stm32f10x.o(i.SetSysClock) for SetSysClock
    stm32f10x_adc.o(i.ADC_DeInit) refers to stm32f10x_rcc.o(i.RCC_APB2PeriphResetCmd) for RCC_APB2PeriphResetCmd
    stm32f10x_bkp.o(i.BKP_DeInit) refers to stm32f10x_rcc.o(i.RCC_BackupResetCmd) for RCC_BackupResetCmd
    stm32f10x_can.o(i.CAN_DeInit) refers to stm32f10x_rcc.o(i.RCC_APB1PeriphResetCmd) for RCC_APB1PeriphResetCmd
    stm32f10x_can.o(i.CAN_GetITStatus) refers to stm32f10x_can.o(i.CheckITStatus) for CheckITStatus
    stm32f10x_cec.o(i.CEC_DeInit) refers to stm32f10x_rcc.o(i.RCC_APB1PeriphResetCmd) for RCC_APB1PeriphResetCmd
    stm32f10x_dac.o(i.DAC_DeInit) refers to stm32f10x_rcc.o(i.RCC_APB1PeriphResetCmd) for RCC_APB1PeriphResetCmd
    stm32f10x_flash.o(i.FLASH_EnableWriteProtection) refers to stm32f10x_flash.o(i.FLASH_WaitForLastOperation) for FLASH_WaitForLastOperation
    stm32f10x_flash.o(i.FLASH_EraseAllBank1Pages) refers to stm32f10x_flash.o(i.FLASH_WaitForLastBank1Operation) for FLASH_WaitForLastBank1Operation
    stm32f10x_flash.o(i.FLASH_EraseAllPages) refers to stm32f10x_flash.o(i.FLASH_WaitForLastOperation) for FLASH_WaitForLastOperation
    stm32f10x_flash.o(i.FLASH_EraseOptionBytes) refers to stm32f10x_flash.o(i.FLASH_GetReadOutProtectionStatus) for FLASH_GetReadOutProtectionStatus
    stm32f10x_flash.o(i.FLASH_EraseOptionBytes) refers to stm32f10x_flash.o(i.FLASH_WaitForLastOperation) for FLASH_WaitForLastOperation
    stm32f10x_flash.o(i.FLASH_ErasePage) refers to stm32f10x_flash.o(i.FLASH_WaitForLastOperation) for FLASH_WaitForLastOperation
    stm32f10x_flash.o(i.FLASH_ProgramHalfWord) refers to stm32f10x_flash.o(i.FLASH_WaitForLastOperation) for FLASH_WaitForLastOperation
    stm32f10x_flash.o(i.FLASH_ProgramOptionByteData) refers to stm32f10x_flash.o(i.FLASH_WaitForLastOperation) for FLASH_WaitForLastOperation
    stm32f10x_flash.o(i.FLASH_ProgramWord) refers to stm32f10x_flash.o(i.FLASH_WaitForLastOperation) for FLASH_WaitForLastOperation
    stm32f10x_flash.o(i.FLASH_ReadOutProtection) refers to stm32f10x_flash.o(i.FLASH_WaitForLastOperation) for FLASH_WaitForLastOperation
    stm32f10x_flash.o(i.FLASH_UserOptionByteConfig) refers to stm32f10x_flash.o(i.FLASH_WaitForLastOperation) for FLASH_WaitForLastOperation
    stm32f10x_flash.o(i.FLASH_WaitForLastBank1Operation) refers to stm32f10x_flash.o(i.FLASH_GetBank1Status) for FLASH_GetBank1Status
    stm32f10x_flash.o(i.FLASH_WaitForLastOperation) refers to stm32f10x_flash.o(i.FLASH_GetBank1Status) for FLASH_GetBank1Status
    stm32f10x_gpio.o(i.GPIO_AFIODeInit) refers to stm32f10x_rcc.o(i.RCC_APB2PeriphResetCmd) for RCC_APB2PeriphResetCmd
    stm32f10x_gpio.o(i.GPIO_DeInit) refers to stm32f10x_rcc.o(i.RCC_APB2PeriphResetCmd) for RCC_APB2PeriphResetCmd
[...]
    Removing stm32f10x_tim.o(i.TIM_OC2PreloadConfig), (26 bytes).
    Removing stm32f10x_tim.o(i.TIM_OC3FastConfig), (18 bytes).
    Removing stm32f10x_tim.o(i.TIM_OC3Init), (160 bytes).
    Removing stm32f10x_tim.o(i.TIM_OC3NPolarityConfig), (26 bytes).
    Removing stm32f10x_tim.o(i.TIM_OC3PolarityConfig), (26 bytes).
    Removing stm32f10x_tim.o(i.TIM_OC3PreloadConfig), (18 bytes).
    Removing stm32f10x_tim.o(i.TIM_OC4FastConfig), (26 bytes).
    Removing stm32f10x_tim.o(i.TIM_OC4Init), (124 bytes).
    Removing stm32f10x_tim.o(i.TIM_OC4PolarityConfig), (26 bytes).
    Removing stm32f10x_tim.o(i.TIM_OC4PreloadConfig), (26 bytes).
    Removing stm32f10x_tim.o(i.TIM_PWMIConfig), (124 bytes).
    Removing stm32f10x_tim.o(i.TIM_PrescalerConfig), (6 bytes).
    Removing stm32f10x_tim.o(i.TIM_SelectCCDMA), (24 bytes).
    Removing stm32f10x_tim.o(i.TIM_SelectCOM), (24 bytes).
    Removing stm32f10x_tim.o(i.TIM_SelectHallSensor), (24 bytes).
    Removing stm32f10x_tim.o(i.TIM_SelectInputTrigger), (18 bytes).
    Removing stm32f10x_tim.o(i.TIM_SelectMasterSlaveMode), (18 bytes).
    Removing stm32f10x_tim.o(i.TIM_SelectOCxM), (82 bytes).
    Removing stm32f10x_tim.o(i.TIM_SelectOnePulseMode), (18 bytes).
    Removing stm32f10x_tim.o(i.TIM_SelectOutputTrigger), (18 bytes).
    Removing stm32f10x_tim.o(i.TIM_SelectSlaveMode), (18 bytes).
    Removing stm32f10x_tim.o(i.TIM_SetAutoreload), (4 bytes).
    Removing stm32f10x_tim.o(i.TIM_SetClockDivision), (18 bytes).
    Removing stm32f10x_tim.o(i.TIM_SetCompare3), (4 bytes).
    Removing stm32f10x_tim.o(i.TIM_SetCompare4), (6 bytes).
    Removing stm32f10x_tim.o(i.TIM_TIxExternalClockConfig), (62 bytes).
    Removing stm32f10x_tim.o(i.TIM_UpdateDisableConfig), (24 bytes).
    Removing stm32f10x_tim.o(i.TIM_UpdateRequestConfig), (24 bytes).
    Removing stm32f10x_usart.o(i.USART_ClearFlag), (18 bytes).
    Removing stm32f10x_usart.o(i.USART_ClockInit), (34 bytes).
    Removing stm32f10x_usart.o(i.USART_ClockStructInit), (12 bytes).
    Removing stm32f10x_usart.o(i.USART_DMACmd), (18 bytes).
    Removing stm32f10x_usart.o(i.USART_DeInit), (156 bytes).
    Removing stm32f10x_usart.o(i.USART_GetFlagStatus), (26 bytes).
    Removing stm32f10x_usart.o(i.USART_HalfDuplexCmd), (24 bytes).
    Removing stm32f10x_usart.o(i.USART_IrDACmd), (24 bytes).
    Removing stm32f10x_usart.o(i.USART_IrDAConfig), (18 bytes).
    Removing stm32f10x_usart.o(i.USART_LINBreakDetectLengthConfig), (18 bytes).
    Removing stm32f10x_usart.o(i.USART_LINCmd), (24 bytes).
    Removing stm32f10x_usart.o(i.USART_OneBitMethodCmd), (24 bytes).
    Removing stm32f10x_usart.o(i.USART_OverSampling8Cmd), (22 bytes).
    Removing stm32f10x_usart.o(i.USART_ReceiverWakeUpCmd), (24 bytes).
    Removing stm32f10x_usart.o(i.USART_SendBreak), (10 bytes).
    Removing stm32f10x_usart.o(i.USART_SendData), (8 bytes).
    Removing stm32f10x_usart.o(i.USART_SetAddress), (18 bytes).
    Removing stm32f10x_usart.o(i.USART_SetGuardTime), (16 bytes).
    Removing stm32f10x_usart.o(i.USART_SetPrescaler), (16 bytes).
    Removing stm32f10x_usart.o(i.USART_SmartCardCmd), (24 bytes).
    Removing stm32f10x_usart.o(i.USART_SmartCardNACKCmd), (24 bytes).
    Removing stm32f10x_usart.o(i.USART_StructInit), (24 bytes).
    Removing stm32f10x_usart.o(i.USART_WakeUpConfig), (18 bytes).
    Removing stm32f10x_wwdg.o(i.WWDG_ClearFlag), (12 bytes).
    Removing stm32f10x_wwdg.o(i.WWDG_DeInit), (22 bytes).
    Removing stm32f10x_wwdg.o(i.WWDG_Enable), (16 bytes).
    Removing stm32f10x_wwdg.o(i.WWDG_EnableIT), (12 bytes).
    Removing stm32f10x_wwdg.o(i.WWDG_GetFlagStatus), (12 bytes).
    Removing stm32f10x_wwdg.o(i.WWDG_SetCounter), (16 bytes).
    Removing stm32f10x_wwdg.o(i.WWDG_SetPrescaler), (24 bytes).
    Removing stm32f10x_wwdg.o(i.WWDG_SetWindowValue), (40 bytes).
    Removing delay.o(i.Delay_s), (24 bytes).
    Removing oled.o(i.OLED_ShowBinNum), (62 bytes).
    Removing oled.o(i.OLED_ShowHexNum), (84 bytes).
    Removing buzzer.o(i.Buzzer_Init), (52 bytes).
    Removing buzzer.o(i.Buzzer_OFF), (20 bytes).
    Removing buzzer.o(i.Buzzer_ON), (20 bytes).
    Removing buzzer.o(i.Buzzer_Turn), (44 bytes).
    Removing motor.o(i.Motor_SetSpeed), (30 bytes).
    Removing encoder.o(i.Get_TIM_Direction), (10 bytes).
    Removing serial.o(i.Serial_Pow), (20 bytes).
    Removing serial.o(i.Serial_Printf), (36 bytes).
    Removing serial.o(i.Serial_SendArray), (26 bytes).
    Removing serial.o(i.Serial_SendByte), (32 bytes).
    Removing serial.o(i.Serial_SendNumber), (58 bytes).
    Removing serial.o(i.Serial_SendString), (26 bytes).
    Removing serial.o(i.fputc), (16 bytes).
    Removing mpu6050.o(i.MPU6050_GetID), (10 bytes).
    Removing madgwickahrs.o(i.getPitch), (36 bytes).
    Removing madgwickahrs.o(i.getPitchRadians), (28 bytes).
    Removing madgwickahrs.o(i.getRoll), (36 bytes).
    Removing madgwickahrs.o(i.getRollRadians), (28 bytes).
    Removing madgwickahrs.o(i.getYawRadians), (28 bytes).
    Removing madgwickahrs.o(i.update), (3628 bytes).
    Removing main.o(i.changeYaw), (68 bytes).
    Removing dfixul.o(.text), (48 bytes).
    Removing cdrcmple.o(.text), (48 bytes).

459 unused section(s) (total 21562 bytes) removed from the image.

==============================================================================

Image Symbol Table

    Local Symbols

    Symbol Name                              Value     Ov Type        Size  Object(Section)

    ../clib/microlib/division.c              0x00000000   Number         0  uldiv.o ABSOLUTE
    ../clib/microlib/division.c              0x00000000   Number         0  uidiv.o ABSOLUTE
    ../clib/microlib/errno.c                 0x00000000   Number         0  errno.o ABSOLUTE
    ../clib/microlib/init/entry.s            0x00000000   Number         0  entry.o ABSOLUTE
    ../clib/microlib/init/entry.s            0x00000000   Number         0  entry11b.o ABSOLUTE
    ../clib/microlib/init/entry.s            0x00000000   Number         0  entry9a.o ABSOLUTE
    ../clib/microlib/init/entry.s            0x00000000   Number         0  entry11a.o ABSOLUTE
    ../clib/microlib/init/entry.s            0x00000000   Number         0  entry10b.o ABSOLUTE
    ../clib/microlib/init/entry.s            0x00000000   Number         0  entry10a.o ABSOLUTE
    ../clib/microlib/init/entry.s            0x00000000   Number         0  entry5.o ABSOLUTE
    ../clib/microlib/init/entry.s            0x00000000   Number         0  entry9b.o ABSOLUTE
    ../clib/microlib/init/entry.s            0x00000000   Number         0  entry7a.o ABSOLUTE
    ../clib/microlib/init/entry.s            0x00000000   Number         0  entry7b.o ABSOLUTE
    ../clib/microlib/init/entry.s            0x00000000   Number         0  entry8a.o ABSOLUTE
    ../clib/microlib/init/entry.s            0x00000000   Number         0  entry8b.o ABSOLUTE
    ../clib/microlib/init/entry.s            0x00000000   Number         0  entry2.o ABSOLUTE
    ../clib/microlib/longlong.c              0x00000000   Number         0  llsshr.o ABSOLUTE
    ../clib/microlib/longlong.c              0x00000000   Number         0  llushr.o ABSOLUTE
    ../clib/microlib/longlong.c              0x00000000   Number         0  llshl.o ABSOLUTE
    ../clib/microlib/printf/printf.c         0x00000000   Number         0  printfa.o ABSOLUTE
    ../clib/microlib/stdio/streams.c         0x00000000   Number         0  stdout.o ABSOLUTE
    ../clib/microlib/string/memcpy.c         0x00000000   Number         0  memcpyb.o ABSOLUTE
    ../clib/microlib/string/memcpy.c         0x00000000   Number         0  memcpya.o ABSOLUTE
    ../clib/microlib/stubs.s                 0x00000000   Number         0  iusefp.o ABSOLUTE
    ../fplib/microlib/d2f.c                  0x00000000   Number         0  d2f.o ABSOLUTE
    ../fplib/microlib/f2d.c                  0x00000000   Number         0  f2d.o ABSOLUTE
    ../fplib/microlib/fpadd.c                0x00000000   Number         0  dadd.o ABSOLUTE
    ../fplib/microlib/fpadd.c                0x00000000   Number         0  fadd.o ABSOLUTE
    ../fplib/microlib/fpdiv.c                0x00000000   Number         0  ddiv.o ABSOLUTE
    ../fplib/microlib/fpdiv.c                0x00000000   Number         0  fdiv.o ABSOLUTE
    ../fplib/microlib/fpepilogue.c           0x00000000   Number         0  depilogue.o ABSOLUTE
    ../fplib/microlib/fpepilogue.c           0x00000000   Number         0  fepilogue.o ABSOLUTE
    ../fplib/microlib/fpfix.c                0x00000000   Number         0  ffixi.o ABSOLUTE
    ../fplib/microlib/fpfix.c                0x00000000   Number         0  dfixul.o ABSOLUTE
    ../fplib/microlib/fpfix.c                0x00000000   Number         0  ffixui.o ABSOLUTE
    ../fplib/microlib/fpflt.c                0x00000000   Number         0  dfltl.o ABSOLUTE
    ../fplib/microlib/fpflt.c                0x00000000   Number         0  dfltui.o ABSOLUTE
    ../fplib/microlib/fpflt.c                0x00000000   Number         0  ffltui.o ABSOLUTE
    ../fplib/microlib/fpflt.c                0x00000000   Number         0  ffltl.o ABSOLUTE
    ../fplib/microlib/fpflt.c                0x00000000   Number         0  fflti.o ABSOLUTE
    ../fplib/microlib/fpmul.c                0x00000000   Number         0  dmul.o ABSOLUTE
    ../fplib/microlib/fpmul.c                0x00000000   Number         0  fmul.o ABSOLUTE
    ../fplib/microlib/fpscalb.c              0x00000000   Number         0  fscalb.o ABSOLUTE
    ../fplib/microlib/fpsqrt.c               0x00000000   Number         0  fsqrt.o ABSOLUTE
    ../mathlib/asinf.c                       0x00000000   Number         0  asinf_x.o ABSOLUTE
    ../mathlib/asinf.c                       0x00000000   Number         0  asinf.o ABSOLUTE
    ../mathlib/atan2f.c                      0x00000000   Number         0  atan2f.o ABSOLUTE
    ../mathlib/atan2f.c                      0x00000000   Number         0  atan2f_x.o ABSOLUTE
    ../mathlib/fpclassifyf.c                 0x00000000   Number         0  fpclassifyf.o ABSOLUTE
    ../mathlib/funder.c                      0x00000000   Number         0  funder.o ABSOLUTE
    ../mathlib/sqrtf.c                       0x00000000   Number         0  sqrtf_x.o ABSOLUTE
    ../mathlib/sqrtf.c                       0x00000000   Number         0  sqrtf.o ABSOLUTE
    Hardware\Buzzer.c                        0x00000000   Number         0  buzzer.o ABSOLUTE
    Hardware\Encoder.c                       0x00000000   Number         0  encoder.o ABSOLUTE
    Hardware\Key.c                           0x00000000   Number         0  key.o ABSOLUTE
    Hardware\MPU6050.c                       0x00000000   Number         0  mpu6050.o ABSOLUTE
    Hardware\MadgwickAHRS.c                  0x00000000   Number         0  madgwickahrs.o ABSOLUTE
    Hardware\Motor.c                         0x00000000   Number         0  motor.o ABSOLUTE
    Hardware\MyI2C.c                         0x00000000   Number         0  myi2c.o ABSOLUTE
    Hardware\OLED.c                          0x00000000   Number         0  oled.o ABSOLUTE
    Hardware\PWM.c                           0x00000000   Number         0  pwm.o ABSOLUTE
    Hardware\Serial.c                        0x00000000   Number         0  serial.o ABSOLUTE
    Hardware\Timer.c                         0x00000000   Number         0  timer.o ABSOLUTE
    Hardware\gray_track.c                    0x00000000   Number         0  gray_track.o ABSOLUTE
    Hardware\pid.c                           0x00000000   Number         0  pid.o ABSOLUTE
    Library\misc.c                           0x00000000   Number         0  misc.o ABSOLUTE
    Library\stm32f10x_adc.c                  0x00000000   Number         0  stm32f10x_adc.o ABSOLUTE
    Library\stm32f10x_bkp.c                  0x00000000   Number         0  stm32f10x_bkp.o ABSOLUTE
    Library\stm32f10x_can.c                  0x00000000   Number         0  stm32f10x_can.o ABSOLUTE
    Library\stm32f10x_cec.c                  0x00000000   Number         0  stm32f10x_cec.o ABSOLUTE
    Library\stm32f10x_crc.c                  0x00000000   Number         0  stm32f10x_crc.o ABSOLUTE
    Library\stm32f10x_dac.c                  0x00000000   Number         0  stm32f10x_dac.o ABSOLUTE
    Library\stm32f10x_dbgmcu.c               0x00000000   Number         0  stm32f10x_dbgmcu.o ABSOLUTE
    Library\stm32f10x_dma.c                  0x00000000   Number         0  stm32f10x_dma.o ABSOLUTE
    Library\stm32f10x_exti.c                 0x00000000   Number         0  stm32f10x_exti.o ABSOLUTE
    Library\stm32f10x_flash.c                0x00000000   Number         0  stm32f10x_flash.o ABSOLUTE
    Library\stm32f10x_fsmc.c                 0x00000000   Number         0  stm32f10x_fsmc.o ABSOLUTE
    Library\stm32f10x_gpio.c                 0x00000000   Number         0  stm32f10x_gpio.o ABSOLUTE
    Library\stm32f10x_i2c.c                  0x00000000   Number         0  stm32f10x_i2c.o ABSOLUTE
    Library\stm32f10x_iwdg.c                 0x00000000   Number         0  stm32f10x_iwdg.o ABSOLUTE
    Library\stm32f10x_pwr.c                  0x00000000   Number         0  stm32f10x_pwr.o ABSOLUTE
    Library\stm32f10x_rcc.c                  0x00000000   Number         0  stm32f10x_rcc.o ABSOLUTE
    Library\stm32f10x_rtc.c                  0x00000000   Number         0  stm32f10x_rtc.o ABSOLUTE
    Library\stm32f10x_sdio.c                 0x00000000   Number         0  stm32f10x_sdio.o ABSOLUTE
    Library\stm32f10x_spi.c                  0x00000000   Number         0  stm32f10x_spi.o ABSOLUTE
    Library\stm32f10x_tim.c                  0x00000000   Number         0  stm32f10x_tim.o ABSOLUTE
    Library\stm32f10x_usart.c                0x00000000   Number         0  stm32f10x_usart.o ABSOLUTE
    Library\stm32f10x_wwdg.c                 0x00000000   Number         0  stm32f10x_wwdg.o ABSOLUTE
    Start\\core_cm3.c                        0x00000000   Number         0  core_cm3.o ABSOLUTE
    Start\core_cm3.c                         0x00000000   Number         0  core_cm3.o ABSOLUTE
    Start\startup_stm32f10x_hd.s             0x00000000   Number         0  startup_stm32f10x_hd.o ABSOLUTE
    Start\system_stm32f10x.c                 0x00000000   Number         0  system_stm32f10x.o ABSOLUTE
    System\Delay.c                           0x00000000   Number         0  delay.o ABSOLUTE
    User\main.c                              0x00000000   Number         0  main.o ABSOLUTE
    User\stm32f10x_it.c                      0x00000000   Number         0  stm32f10x_it.o ABSOLUTE
    cdrcmple.s                               0x00000000   Number         0  cdrcmple.o ABSOLUTE
    cfcmple.s                                0x00000000   Number         0  cfcmple.o ABSOLUTE
    cfrcmple.s                               0x00000000   Number         0  cfrcmple.o ABSOLUTE
    dc.s                                     0x00000000   Number         0  dc.o ABSOLUTE
    handlers.s                               0x00000000   Number         0  handlers.o ABSOLUTE
    init.s                                   0x00000000   Number         0  init.o ABSOLUTE
    RESET                                    0x08000000   Section      304  startup_stm32f10x_hd.o(RESET)
    .ARM.Collect$$$$00000000                 0x08000130   Section        0  entry.o(.ARM.Collect$$$$00000000)
    .ARM.Collect$$$$00000001                 0x08000130   Section        4  entry2.o(.ARM.Collect$$$$00000001)
    .ARM.Collect$$$$00000004                 0x08000134   Section        4  entry5.o(.ARM.Collect$$$$00000004)
    .ARM.Collect$$$$00000008                 0x08000138   Section        0  entry7b.o(.ARM.Collect$$$$00000008)
    .ARM.Collect$$$$0000000A                 0x08000138   Section        0  entry8b.o(.ARM.Collect$$$$0000000A)
    .ARM.Collect$$$$0000000B                 0x08000138   Section        8  entry9a.o(.ARM.Collect$$$$0000000B)
    .ARM.Collect$$$$0000000D                 0x08000140   Section        0  entry10a.o(.ARM.Collect$$$$0000000D)
    .ARM.Collect$$$$0000000F                 0x08000140   Section        0  entry11a.o(.ARM.Collect$$$$0000000F)
    .ARM.Collect$$$$00002712                 0x08000140   Section        4  entry2.o(.ARM.Collect$$$$00002712)
    __lit__00000000                          0x08000140   Data           4  entry2.o(.ARM.Collect$$$$00002712)
    .text                                    0x08000144   Section       36  startup_stm32f10x_hd.o(.text)
    .text                                    0x08000168   Section        0  memcpya.o(.text)
    .text                                    0x0800018c   Section        0  fadd.o(.text)
    .text                                    0x0800023c   Section        0  fmul.o(.text)
    .text                                    0x080002a0   Section        0  fdiv.o(.text)
    .text                                    0x0800031c   Section        0  dadd.o(.text)
    .text                                    0x0800046a   Section        0  dmul.o(.text)
    .text                                    0x0800054e   Section        0  ddiv.o(.text)
    .text                                    0x0800062c   Section        0  fflti.o(.text)
    .text                                    0x0800063e   Section        0  ffltui.o(.text)
    .text                                    0x08000648   Section        0  ffltl.o(.text)
    .text                                    0x08000674   Section        0  dfltui.o(.text)
    .text                                    0x0800068e   Section        0  dfltl.o(.text)
    .text                                    0x080006b6   Section        0  ffixi.o(.text)
    .text                                    0x080006e8   Section        0  ffixui.o(.text)
    .text                                    0x08000710   Section        0  f2d.o(.text)
    .text                                    0x08000736   Section        0  d2f.o(.text)
    .text                                    0x08000770   Section       20  cfcmple.o(.text)
    .text                                    0x08000784   Section       20  cfrcmple.o(.text)
    .text                                    0x08000798   Section        0  llshl.o(.text)
    .text                                    0x080007b6   Section        0  llsshr.o(.text)
    .text                                    0x080007da   Section        0  fepilogue.o(.text)
    .text                                    0x080007da   Section        0  iusefp.o(.text)
    .text                                    0x08000848   Section        0  fscalb.o(.text)
    .text                                    0x08000860   Section        0  fsqrt.o(.text)
    .text                                    0x080008be   Section        0  depilogue.o(.text)
    .text                                    0x08000978   Section       36  init.o(.text)
    .text                                    0x0800099c   Section        0  llushr.o(.text)
    i.BusFault_Handler                       0x080009bc   Section        0  stm32f10x_it.o(i.BusFault_Handler)
    i.DebugMon_Handler                       0x080009c0   Section        0  stm32f10x_it.o(i.DebugMon_Handler)
    i.Delay_ms                               0x080009c2   Section        0  delay.o(i.Delay_ms)
    i.Delay_us                               0x080009da   Section        0  delay.o(i.Delay_us)
    i.Encoder_Get                            0x08000a08   Section        0  encoder.o(i.Encoder_Get)
    i.Encoder_Init_TIM2                      0x08000a20   Section        0  encoder.o(i.Encoder_Init_TIM2)
    i.Encoder_Init_TIM4                      0x08000ac0   Section        0  encoder.o(i.Encoder_Init_TIM4)
    i.Encoder_Init_TIM_All                   0x08000b68   Section        0  encoder.o(i.Encoder_Init_TIM_All)
    i.GPIO_Init                              0x08000b74   Section        0  stm32f10x_gpio.o(i.GPIO_Init)
    i.GPIO_PinRemapConfig                    0x08000c8c   Section        0  stm32f10x_gpio.o(i.GPIO_PinRemapConfig)
    i.GPIO_ReadInputDataBit                  0x08000d1c   Section        0  stm32f10x_gpio.o(i.GPIO_ReadInputDataBit)
    i.GPIO_ResetBits                         0x08000d2e   Section        0  stm32f10x_gpio.o(i.GPIO_ResetBits)
    i.GPIO_SetBits                           0x08000d32   Section        0  stm32f10x_gpio.o(i.GPIO_SetBits)
    i.GPIO_WriteBit                          0x08000d36   Section        0  stm32f10x_gpio.o(i.GPIO_WriteBit)
    i.HardFault_Handler                      0x08000d40   Section        0  stm32f10x_it.o(i.HardFault_Handler)
    i.Key_GetNum                             0x08000d44   Section        0  key.o(i.Key_GetNum)
    i.Key_Init                               0x08000dd0   Section        0  key.o(i.Key_Init)
    i.MPU6050_GetData                        0x08000e3c   Section        0  mpu6050.o(i.MPU6050_GetData)
    i.MPU6050_Init                           0x08000ee8   Section        0  mpu6050.o(i.MPU6050_Init)
    i.MPU6050_ReadReg                        0x08000f20   Section        0  mpu6050.o(i.MPU6050_ReadReg)
    i.MPU6050_WriteReg                       0x08000f5e   Section        0  mpu6050.o(i.MPU6050_WriteReg)
    i.MemManage_Handler                      0x08000f8c   Section        0  stm32f10x_it.o(i.MemManage_Handler)
    i.Motor_Init                             0x08000f90   Section        0  motor.o(i.Motor_Init)
    i.Motor_SetSpeedA                        0x08000ff0   Section        0  motor.o(i.Motor_SetSpeedA)
    i.Motor_SetSpeedB                        0x08001038   Section        0  motor.o(i.Motor_SetSpeedB)
    i.MyI2C_Init                             0x08001080   Section        0  myi2c.o(i.MyI2C_Init)
    i.MyI2C_R_SDA                            0x080010b8   Section        0  myi2c.o(i.MyI2C_R_SDA)
    i.MyI2C_ReceiveAck                       0x080010d4   Section        0  myi2c.o(i.MyI2C_ReceiveAck)
    i.MyI2C_ReceiveByte                      0x080010f2   Section        0  myi2c.o(i.MyI2C_ReceiveByte)
    i.MyI2C_SendAck                          0x08001126   Section        0  myi2c.o(i.MyI2C_SendAck)
    i.MyI2C_SendByte                         0x0800113e   Section        0  myi2c.o(i.MyI2C_SendByte)
    i.MyI2C_Start                            0x08001168   Section        0  myi2c.o(i.MyI2C_Start)
    i.MyI2C_Stop                             0x08001184   Section        0  myi2c.o(i.MyI2C_Stop)
    i.MyI2C_W_SCL                            0x0800119c   Section        0  myi2c.o(i.MyI2C_W_SCL)
    i.MyI2C_W_SDA                            0x080011b8   Section        0  myi2c.o(i.MyI2C_W_SDA)
    i.NMI_Handler                            0x080011d4   Section        0  stm32f10x_it.o(i.NMI_Handler)
    i.NVIC_Init                              0x080011d8   Section        0  misc.o(i.NVIC_Init)
    i.NVIC_PriorityGroupConfig               0x08001248   Section        0  misc.o(i.NVIC_PriorityGroupConfig)
    i.OLED_Clear                             0x0800125c   Section        0  oled.o(i.OLED_Clear)
    i.OLED_I2C_Init                          0x08001288   Section        0  oled.o(i.OLED_I2C_Init)
    i.OLED_I2C_SendByte                      0x080012e4   Section        0  oled.o(i.OLED_I2C_SendByte)
    i.OLED_I2C_Start                         0x0800133c   Section        0  oled.o(i.OLED_I2C_Start)
    i.OLED_I2C_Stop                          0x08001374   Section        0  oled.o(i.OLED_I2C_Stop)
    i.OLED_Init                              0x080013a0   Section        0  oled.o(i.OLED_Init)
    i.OLED_Pow                               0x0800144e   Section        0  oled.o(i.OLED_Pow)
    i.OLED_SetCursor                         0x08001462   Section        0  oled.o(i.OLED_SetCursor)
    i.OLED_ShowChar                          0x08001484   Section        0  oled.o(i.OLED_ShowChar)
    i.OLED_ShowNum                           0x080014f8   Section        0  oled.o(i.OLED_ShowNum)
    i.OLED_ShowSignedNum                     0x0800153c   Section        0  oled.o(i.OLED_ShowSignedNum)
    i.OLED_ShowString                        0x080015a2   Section        0  oled.o(i.OLED_ShowString)
    i.OLED_WriteCommand                      0x080015ca   Section        0  oled.o(i.OLED_WriteCommand)
    i.OLED_WriteData                         0x080015ea   Section        0  oled.o(i.OLED_WriteData)
    i.PWM_Init                               0x0800160c   Section        0  pwm.o(i.PWM_Init)
    i.PWM_SetCompare1                        0x080016b8   Section        0  pwm.o(i.PWM_SetCompare1)
    i.PWM_SetCompare2                        0x080016cc   Section        0  pwm.o(i.PWM_SetCompare2)
    i.PendSV_Handler                         0x080016e0   Section        0  stm32f10x_it.o(i.PendSV_Handler)
    i.RCC_APB1PeriphClockCmd                 0x080016e4   Section        0  stm32f10x_rcc.o(i.RCC_APB1PeriphClockCmd)
    i.RCC_APB2PeriphClockCmd                 0x08001704   Section        0  stm32f10x_rcc.o(i.RCC_APB2PeriphClockCmd)
    i.RCC_GetClocksFreq                      0x08001724   Section        0  stm32f10x_rcc.o(i.RCC_GetClocksFreq)
    i.SVC_Handler                            0x080017f8   Section        0  stm32f10x_it.o(i.SVC_Handler)
    i.Serial_Init                            0x080017fc   Section        0  serial.o(i.Serial_Init)
    i.SetSysClock                            0x080018b0   Section        0  system_stm32f10x.o(i.SetSysClock)
    SetSysClock                              0x080018b1   Thumb Code     8  system_stm32f10x.o(i.SetSysClock)
    i.SetSysClockTo72                        0x080018b8   Section        0  system_stm32f10x.o(i.SetSysClockTo72)
    SetSysClockTo72                          0x080018b9   Thumb Code   214  system_stm32f10x.o(i.SetSysClockTo72)
    i.SysTick_Handler                        0x08001998   Section        0  stm32f10x_it.o(i.SysTick_Handler)
    i.SystemInit                             0x0800199c   Section        0  system_stm32f10x.o(i.SystemInit)
    i.TI1_Config                             0x080019fc   Section        0  stm32f10x_tim.o(i.TI1_Config)
    TI1_Config                               0x080019fd   Thumb Code   108  stm32f10x_tim.o(i.TI1_Config)
    i.TI2_Config                             0x08001a7c   Section        0  stm32f10x_tim.o(i.TI2_Config)
    TI2_Config                               0x08001a7d   Thumb Code   130  stm32f10x_tim.o(i.TI2_Config)
    i.TI3_Config                             0x08001b14   Section        0  stm32f10x_tim.o(i.TI3_Config)
    TI3_Config                               0x08001b15   Thumb Code   122  stm32f10x_tim.o(i.TI3_Config)
    i.TI4_Config                             0x08001ba4   Section        0  stm32f10x_tim.o(i.TI4_Config)
    TI4_Config                               0x08001ba5   Thumb Code   130  stm32f10x_tim.o(i.TI4_Config)
    i.TIM1_UP_IRQHandler                     0x08001c3c   Section        0  main.o(i.TIM1_UP_IRQHandler)
    i.TIM2_IRQHandler                        0x08001cac   Section        0  encoder.o(i.TIM2_IRQHandler)
    i.TIM4_IRQHandler                        0x08001cd8   Section        0  encoder.o(i.TIM4_IRQHandler)
    i.TIM8_Init                              0x08001d04   Section        0  timer.o(i.TIM8_Init)
    i.TIM8_UP_IRQHandler                     0x08001d64   Section        0  main.o(i.TIM8_UP_IRQHandler)
    i.TIM_ClearFlag                          0x08001d94   Section        0  stm32f10x_tim.o(i.TIM_ClearFlag)
    i.TIM_ClearITPendingBit                  0x08001d9a   Section        0  stm32f10x_tim.o(i.TIM_ClearITPendingBit)
    i.TIM_Cmd                                0x08001da0   Section        0  stm32f10x_tim.o(i.TIM_Cmd)
    i.TIM_EncoderInterfaceConfig             0x08001db8   Section        0  stm32f10x_tim.o(i.TIM_EncoderInterfaceConfig)
    i.TIM_GetCounter                         0x08001dfa   Section        0  stm32f10x_tim.o(i.TIM_GetCounter)
    i.TIM_GetITStatus                        0x08001e00   Section        0  stm32f10x_tim.o(i.TIM_GetITStatus)
    i.TIM_ICInit                             0x08001e24   Section        0  stm32f10x_tim.o(i.TIM_ICInit)
    i.TIM_ICStructInit                       0x08001ed0   Section        0  stm32f10x_tim.o(i.TIM_ICStructInit)
    i.TIM_ITConfig                           0x08001ee2   Section        0  stm32f10x_tim.o(i.TIM_ITConfig)
    i.TIM_InternalClockConfig                0x08001ef4   Section        0  stm32f10x_tim.o(i.TIM_InternalClockConfig)
    i.TIM_OC1Init                            0x08001f00   Section        0  stm32f10x_tim.o(i.TIM_OC1Init)
    i.TIM_OC2Init                            0x08001f98   Section        0  stm32f10x_tim.o(i.TIM_OC2Init)
    i.TIM_OCStructInit                       0x0800203c   Section        0  stm32f10x_tim.o(i.TIM_OCStructInit)
    i.TIM_SetCompare1                        0x08002050   Section        0  stm32f10x_tim.o(i.TIM_SetCompare1)
    i.TIM_SetCompare2                        0x08002054   Section        0  stm32f10x_tim.o(i.TIM_SetCompare2)
    i.TIM_SetCounter                         0x08002058   Section        0  stm32f10x_tim.o(i.TIM_SetCounter)
    i.TIM_SetIC1Prescaler                    0x0800205c   Section        0  stm32f10x_tim.o(i.TIM_SetIC1Prescaler)
    i.TIM_SetIC2Prescaler                    0x0800206e   Section        0  stm32f10x_tim.o(i.TIM_SetIC2Prescaler)
    i.TIM_SetIC3Prescaler                    0x08002088   Section        0  stm32f10x_tim.o(i.TIM_SetIC3Prescaler)
    i.TIM_SetIC4Prescaler                    0x0800209a   Section        0  stm32f10x_tim.o(i.TIM_SetIC4Prescaler)
    i.TIM_TimeBaseInit                       0x080020b4   Section        0  stm32f10x_tim.o(i.TIM_TimeBaseInit)
    i.TIM_TimeBaseStructInit                 0x08002158   Section        0  stm32f10x_tim.o(i.TIM_TimeBaseStructInit)
    i.Timer_Init                             0x0800216c   Section        0  timer.o(i.Timer_Init)
    i.USART2_IRQHandler                      0x080021e8   Section        0  serial.o(i.USART2_IRQHandler)
    i.USART_ClearITPendingBit                0x08002288   Section        0  stm32f10x_usart.o(i.USART_ClearITPendingBit)
    i.USART_Cmd                              0x080022a6   Section        0  stm32f10x_usart.o(i.USART_Cmd)
    i.USART_GetITStatus                      0x080022be   Section        0  stm32f10x_usart.o(i.USART_GetITStatus)
    i.USART_ITConfig                         0x08002312   Section        0  stm32f10x_usart.o(i.USART_ITConfig)
    i.USART_Init                             0x0800235c   Section        0  stm32f10x_usart.o(i.USART_Init)
    i.USART_ReceiveData                      0x08002434   Section        0  stm32f10x_usart.o(i.USART_ReceiveData)
    i.UsageFault_Handler                     0x0800243e   Section        0  stm32f10x_it.o(i.UsageFault_Handler)
    i.__ARM_fpclassifyf                      0x08002442   Section        0  fpclassifyf.o(i.__ARM_fpclassifyf)
    i.__mathlib_flt_infnan                   0x08002468   Section        0  funder.o(i.__mathlib_flt_infnan)
    i.__mathlib_flt_infnan2                  0x0800246e   Section        0  funder.o(i.__mathlib_flt_infnan2)
    i.__mathlib_flt_invalid                  0x08002472   Section        0  funder.o(i.__mathlib_flt_invalid)
    i.__mathlib_flt_underflow                0x0800247a   Section        0  funder.o(i.__mathlib_flt_underflow)
    i.__scatterload_copy                     0x08002484   Section       14  handlers.o(i.__scatterload_copy)
    i.__scatterload_null                     0x08002492   Section        2  handlers.o(i.__scatterload_null)
    i.__scatterload_zeroinit                 0x08002494   Section       14  handlers.o(i.__scatterload_zeroinit)
    i.__set_errno                            0x080024a4   Section        0  errno.o(i.__set_errno)
    i.asinf                                  0x080024b0   Section        0  asinf.o(i.asinf)
    i.atan2f                                 0x080025d4   Section        0  atan2f.o(i.atan2f)
    i.begin                                  0x08002830   Section        0  madgwickahrs.o(i.begin)
    i.computeAngles                          0x08002848   Section        0  madgwickahrs.o(i.computeAngles)
    i.dataGetAndFilter                       0x0800295c   Section        0  main.o(i.dataGetAndFilter)
    i.dataGetERROR                           0x080029cc   Section        0  main.o(i.dataGetERROR)
    i.digtal                                 0x08002ab0   Section        0  gray_track.o(i.digtal)
    i.getMPU6050Data                         0x08002af0   Section        0  main.o(i.getMPU6050Data)
    i.getYaw                                 0x08002ca8   Section        0  madgwickahrs.o(i.getYaw)
    i.gpio_get                               0x08002cd8   Section        0  gray_track.o(i.gpio_get)
    i.gpio_init                              0x08002cf0   Section        0  gray_track.o(i.gpio_init)
    i.gray_init                              0x08002d6c   Section        0  gray_track.o(i.gray_init)
    i.initEncoder                            0x08002dac   Section        0  encoder.o(i.initEncoder)
    i.initPID                                0x08002de4   Section        0  pid.o(i.initPID)
    i.invSqrt                                0x08002e04   Section        0  madgwickahrs.o(i.invSqrt)
    invSqrt                                  0x08002e05   Thumb Code   108  madgwickahrs.o(i.invSqrt)
    i.limit                                  0x08002e74   Section        0  pid.o(i.limit)
    i.main                                   0x08002ea8   Section        0  main.o(i.main)
    i.motor_target_set                       0x080030f8   Section        0  motor.o(i.motor_target_set)
    i.myCarControlCodeInit                   0x08003118   Section        0  main.o(i.myCarControlCodeInit)
    i.runX                                   0x080031ac   Section        0  main.o(i.runX)
    i.setPIDParam                            0x08003340   Section        0  pid.o(i.setPIDParam)
    i.setPIDTarget                           0x08003348   Section        0  pid.o(i.setPIDTarget)
    i.sqrtf                                  0x0800334c   Section        0  sqrtf.o(i.sqrtf)
    i.targetYaw                              0x08003378   Section        0  main.o(i.targetYaw)
    i.track                                  0x0800341c   Section        0  gray_track.o(i.track)
    i.updateEncoderLoopSimpleVersion         0x080035d4   Section        0  encoder.o(i.updateEncoderLoopSimpleVersion)
    i.updateIMU                              0x08003788   Section        0  madgwickahrs.o(i.updateIMU)
    i.updatePID                              0x08003d68   Section        0  pid.o(i.updatePID)
    .constdata                               0x08003dd8   Section     1520  oled.o(.constdata)
    .constdata                               0x080043c8   Section       48  gray_track.o(.constdata)
    .constdata                               0x080043f8   Section       16  main.o(.constdata)
    .data                                    0x20000000   Section       20  stm32f10x_rcc.o(.data)
    APBAHBPrescTable                         0x20000000   Data          16  stm32f10x_rcc.o(.data)
    ADCPrescTable                            0x20000010   Data           4  stm32f10x_rcc.o(.data)
    .data                                    0x20000014   Section        8  encoder.o(.data)
    .data                                    0x2000001c   Section        3  serial.o(.data)
    RxState                                  0x2000001d   Data           1  serial.o(.data)
    pRxPacket                                0x2000001e   Data           1  serial.o(.data)
    .data                                    0x20000020   Section       37  madgwickahrs.o(.data)
    .data                                    0x20000048   Section      104  main.o(.data)
    .data                                    0x200000b0   Section        4  errno.o(.data)
    _errno                                   0x200000b0   Data           4  errno.o(.data)
    .bss                                     0x200000b4   Section      100  serial.o(.bss)
    .bss                                     0x20000118   Section      272  main.o(.bss)
    STACK                                    0x20000228   Section     1024  startup_stm32f10x_hd.o(STACK)

    Global Symbols

    Symbol Name                              Value     Ov Type        Size  Object(Section)

    BuildAttributes$$THM_ISAv4$P$D$K$B$S$PE$A:L22UL41UL21$X:L11$S22US41US21$IEEE1$IW$USESV6$~STKCKD$USESV7$~SHL$OTIME$ROPI$IEEEX$EBA8$MICROLIB$REQ8$PRES8$EABIv2 0x00000000   Number         0  anon$$obj.o ABSOLUTE
    __ARM_use_no_argv                        0x00000000   Number         0  main.o ABSOLUTE
    __cpp_initialize__aeabi_                  - Undefined Weak Reference
    __cxa_finalize                            - Undefined Weak Reference
    __decompress                              - Undefined Weak Reference
    _clock_init                               - Undefined Weak Reference
    _microlib_exit                            - Undefined Weak Reference
    __Vectors_Size                           0x00000130   Number         0  startup_stm32f10x_hd.o ABSOLUTE
    __Vectors                                0x08000000   Data           4  startup_stm32f10x_hd.o(RESET)
    __Vectors_End                            0x08000130   Data           0  startup_stm32f10x_hd.o(RESET)
    __main                                   0x08000131   Thumb Code     0  entry.o(.ARM.Collect$$$$00000000)
    _main_stk                                0x08000131   Thumb Code     0  entry2.o(.ARM.Collect$$$$00000001)
    _main_scatterload                        0x08000135   Thumb Code     0  entry5.o(.ARM.Collect$$$$00000004)
    __main_after_scatterload                 0x08000139   Thumb Code     0  entry5.o(.ARM.Collect$$$$00000004)
    _main_clock                              0x08000139   Thumb Code     0  entry7b.o(.ARM.Collect$$$$00000008)
    _main_cpp_init                           0x08000139   Thumb Code     0  entry8b.o(.ARM.Collect$$$$0000000A)
    _main_init                               0x08000139   Thumb Code     0  entry9a.o(.ARM.Collect$$$$0000000B)
    __rt_final_cpp                           0x08000141   Thumb Code     0  entry10a.o(.ARM.Collect$$$$0000000D)
    __rt_final_exit                          0x08000141   Thumb Code     0  entry11a.o(.ARM.Collect$$$$0000000F)
    Reset_Handler                            0x08000145   Thumb Code     8  startup_stm32f10x_hd.o(.text)
    ADC1_2_IRQHandler                        0x0800015f   Thumb Code     0  startup_stm32f10x_hd.o(.text)
    ADC3_IRQHandler                          0x0800015f   Thumb Code     0  startup_stm32f10x_hd.o(.text)
    CAN1_RX1_IRQHandler                      0x0800015f   Thumb Code     0  startup_stm32f10x_hd.o(.text)
    CAN1_SCE_IRQHandler                      0x0800015f   Thumb Code     0  startup_stm32f10x_hd.o(.text)
    DMA1_Channel1_IRQHandler                 0x0800015f   Thumb Code     0  startup_stm32f10x_hd.o(.text)
    DMA1_Channel2_IRQHandler                 0x0800015f   Thumb Code     0  startup_stm32f10x_hd.o(.text)
    DMA1_Channel3_IRQHandler                 0x0800015f   Thumb Code     0  startup_stm32f10x_hd.o(.text)
    DMA1_Channel4_IRQHandler                 0x0800015f   Thumb Code     0  startup_stm32f10x_hd.o(.text)
    DMA1_Channel5_IRQHandler                 0x0800015f   Thumb Code     0  startup_stm32f10x_hd.o(.text)
    DMA1_Channel6_IRQHandler                 0x0800015f   Thumb Code     0  startup_stm32f10x_hd.o(.text)
    DMA1_Channel7_IRQHandler                 0x0800015f   Thumb Code     0  startup_stm32f10x_hd.o(.text)
    DMA2_Channel1_IRQHandler                 0x0800015f   Thumb Code     0  startup_stm32f10x_hd.o(.text)
    DMA2_Channel2_IRQHandler                 0x0800015f   Thumb Code     0  startup_stm32f10x_hd.o(.text)
    DMA2_Channel3_IRQHandler                 0x0800015f   Thumb Code     0  startup_stm32f10x_hd.o(.text)
    DMA2_Channel4_5_IRQHandler               0x0800015f   Thumb Code     0  startup_stm32f10x_hd.o(.text)
    EXTI0_IRQHandler                         0x0800015f   Thumb Code     0  startup_stm32f10x_hd.o(.text)
    EXTI15_10_IRQHandler                     0x0800015f   Thumb Code     0  startup_stm32f10x_hd.o(.text)
    EXTI1_IRQHandler                         0x0800015f   Thumb Code     0  startup_stm32f10x_hd.o(.text)
    EXTI2_IRQHandler                         0x0800015f   Thumb Code     0  startup_stm32f10x_hd.o(.text)
    EXTI3_IRQHandler                         0x0800015f   Thumb Code     0  startup_stm32f10x_hd.o(.text)
    EXTI4_IRQHandler                         0x0800015f   Thumb Code     0  startup_stm32f10x_hd.o(.text)
    EXTI9_5_IRQHandler                       0x0800015f   Thumb Code     0  startup_stm32f10x_hd.o(.text)
    FLASH_IRQHandler                         0x0800015f   Thumb Code     0  startup_stm32f10x_hd.o(.text)
    FSMC_IRQHandler                          0x0800015f   Thumb Code     0  startup_stm32f10x_hd.o(.text)
    I2C1_ER_IRQHandler                       0x0800015f   Thumb Code     0  startup_stm32f10x_hd.o(.text)
    I2C1_EV_IRQHandler                       0x0800015f   Thumb Code     0  startup_stm32f10x_hd.o(.text)
    I2C2_ER_IRQHandler                       0x0800015f   Thumb Code     0  startup_stm32f10x_hd.o(.text)
    I2C2_EV_IRQHandler                       0x0800015f   Thumb Code     0  startup_stm32f10x_hd.o(.text)
    PVD_IRQHandler                           0x0800015f   Thumb Code     0  startup_stm32f10x_hd.o(.text)
    RCC_IRQHandler                           0x0800015f   Thumb Code     0  startup_stm32f10x_hd.o(.text)
    RTCAlarm_IRQHandler                      0x0800015f   Thumb Code     0  startup_stm32f10x_hd.o(.text)
    RTC_IRQHandler                           0x0800015f   Thumb Code     0  startup_stm32f10x_hd.o(.text)
    SDIO_IRQHandler                          0x0800015f   Thumb Code     0  startup_stm32f10x_hd.o(.text)
    SPI1_IRQHandler                          0x0800015f   Thumb Code     0  startup_stm32f10x_hd.o(.text)
    SPI2_IRQHandler                          0x0800015f   Thumb Code     0  startup_stm32f10x_hd.o(.text)
    SPI3_IRQHandler                          0x0800015f   Thumb Code     0  startup_stm32f10x_hd.o(.text)
    TAMPER_IRQHandler                        0x0800015f   Thumb Code     0  startup_stm32f10x_hd.o(.text)
    TIM1_BRK_IRQHandler                      0x0800015f   Thumb Code     0  startup_stm32f10x_hd.o(.text)
    TIM1_CC_IRQHandler                       0x0800015f   Thumb Code     0  startup_stm32f10x_hd.o(.text)
    TIM1_TRG_COM_IRQHandler                  0x0800015f   Thumb Code     0  startup_stm32f10x_hd.o(.text)
    TIM3_IRQHandler                          0x0800015f   Thumb Code     0  startup_stm32f10x_hd.o(.text)
    TIM5_IRQHandler                          0x0800015f   Thumb Code     0  startup_stm32f10x_hd.o(.text)
    TIM6_IRQHandler                          0x0800015f   Thumb Code     0  startup_stm32f10x_hd.o(.text)
    TIM7_IRQHandler                          0x0800015f   Thumb Code     0  startup_stm32f10x_hd.o(.text)
    TIM8_BRK_IRQHandler                      0x0800015f   Thumb Code     0  startup_stm32f10x_hd.o(.text)
    TIM8_CC_IRQHandler                       0x0800015f   Thumb Code     0  startup_stm32f10x_hd.o(.text)
    TIM8_TRG_COM_IRQHandler                  0x0800015f   Thumb Code     0  startup_stm32f10x_hd.o(.text)
    UART4_IRQHandler                         0x0800015f   Thumb Code     0  startup_stm32f10x_hd.o(.text)
    UART5_IRQHandler                         0x0800015f   Thumb Code     0  startup_stm32f10x_hd.o(.text)
    USART1_IRQHandler                        0x0800015f   Thumb Code     0  startup_stm32f10x_hd.o(.text)
    USART3_IRQHandler                        0x0800015f   Thumb Code     0  startup_stm32f10x_hd.o(.text)
    USBWakeUp_IRQHandler                     0x0800015f   Thumb Code     0  startup_stm32f10x_hd.o(.text)
    USB_HP_CAN1_TX_IRQHandler                0x0800015f   Thumb Code     0  startup_stm32f10x_hd.o(.text)
    USB_LP_CAN1_RX0_IRQHandler               0x0800015f   Thumb Code     0  startup_stm32f10x_hd.o(.text)
    WWDG_IRQHandler                          0x0800015f   Thumb Code     0  startup_stm32f10x_hd.o(.text)
    __aeabi_memcpy                           0x08000169   Thumb Code    36  memcpya.o(.text)
    __aeabi_memcpy4                          0x08000169   Thumb Code     0  memcpya.o(.text)
    __aeabi_memcpy8                          0x08000169   Thumb Code     0  memcpya.o(.text)
    __aeabi_fadd                             0x0800018d   Thumb Code   164  fadd.o(.text)
    __aeabi_fsub                             0x08000231   Thumb Code     6  fadd.o(.text)
    __aeabi_frsub                            0x08000237   Thumb Code     6  fadd.o(.text)
    __aeabi_fmul                             0x0800023d   Thumb Code   100  fmul.o(.text)
    __aeabi_fdiv                             0x080002a1   Thumb Code   124  fdiv.o(.text)
    __aeabi_dadd                             0x0800031d   Thumb Code   322  dadd.o(.text)
    __aeabi_dsub                             0x0800045f   Thumb Code     6  dadd.o(.text)
    __aeabi_drsub                            0x08000465   Thumb Code     6  dadd.o(.text)
    __aeabi_dmul                             0x0800046b   Thumb Code   228  dmul.o(.text)
    __aeabi_ddiv                             0x0800054f   Thumb Code   222  ddiv.o(.text)
    __aeabi_i2f                              0x0800062d   Thumb Code    18  fflti.o(.text)
    __aeabi_ui2f                             0x0800063f   Thumb Code    10  ffltui.o(.text)
    __aeabi_l2f                              0x08000649   Thumb Code    44  ffltl.o(.text)
    __aeabi_ui2d                             0x08000675   Thumb Code    26  dfltui.o(.text)
    __aeabi_l2d                              0x0800068f   Thumb Code    40  dfltl.o(.text)
    __aeabi_f2iz                             0x080006b7   Thumb Code    50  ffixi.o(.text)
    __aeabi_f2uiz                            0x080006e9   Thumb Code    40  ffixui.o(.text)
    __aeabi_f2d                              0x08000711   Thumb Code    38  f2d.o(.text)
    __aeabi_d2f                              0x08000737   Thumb Code    56  d2f.o(.text)
    __aeabi_cfcmpeq                          0x08000771   Thumb Code     0  cfcmple.o(.text)
    __aeabi_cfcmple                          0x08000771   Thumb Code    20  cfcmple.o(.text)
    __aeabi_cfrcmple                         0x08000785   Thumb Code    20  cfrcmple.o(.text)
    __aeabi_llsl                             0x08000799   Thumb Code    30  llshl.o(.text)
    _ll_shift_l                              0x08000799   Thumb Code     0  llshl.o(.text)
    __aeabi_lasr                             0x080007b7   Thumb Code    36  llsshr.o(.text)
    _ll_sshift_r                             0x080007b7   Thumb Code     0  llsshr.o(.text)
    __I$use$fp                               0x080007db   Thumb Code     0  iusefp.o(.text)
    _float_round                             0x080007db   Thumb Code    18  fepilogue.o(.text)
    _float_epilogue                          0x080007ed   Thumb Code    92  fepilogue.o(.text)
    __ARM_scalbnf                            0x08000849   Thumb Code    24  fscalb.o(.text)
    scalbnf                                  0x08000849   Thumb Code     0  fscalb.o(.text)
    _fsqrt                                   0x08000861   Thumb Code    94  fsqrt.o(.text)
    _double_round                            0x080008bf   Thumb Code    30  depilogue.o(.text)
    _double_epilogue                         0x080008dd   Thumb Code   156  depilogue.o(.text)
    __scatterload                            0x08000979   Thumb Code    28  init.o(.text)
    __scatterload_rt2                        0x08000979   Thumb Code     0  init.o(.text)
    __aeabi_llsr                             0x0800099d   Thumb Code    32  llushr.o(.text)
    _ll_ushift_r                             0x0800099d   Thumb Code     0  llushr.o(.text)
    BusFault_Handler                         0x080009bd   Thumb Code     4  stm32f10x_it.o(i.BusFault_Handler)
    DebugMon_Handler                         0x080009c1   Thumb Code     2  stm32f10x_it.o(i.DebugMon_Handler)
    Delay_ms                                 0x080009c3   Thumb Code    24  delay.o(i.Delay_ms)
    Delay_us                                 0x080009db   Thumb Code    46  delay.o(i.Delay_us)
    Encoder_Get                              0x08000a09   Thumb Code    24  encoder.o(i.Encoder_Get)
    Encoder_Init_TIM2                        0x08000a21   Thumb Code   156  encoder.o(i.Encoder_Init_TIM2)
    Encoder_Init_TIM4                        0x08000ac1   Thumb Code   156  encoder.o(i.Encoder_Init_TIM4)
    Encoder_Init_TIM_All                     0x08000b69   Thumb Code    12  encoder.o(i.Encoder_Init_TIM_All)
    GPIO_Init                                0x08000b75   Thumb Code   278  stm32f10x_gpio.o(i.GPIO_Init)
    GPIO_PinRemapConfig                      0x08000c8d   Thumb Code   138  stm32f10x_gpio.o(i.GPIO_PinRemapConfig)
    GPIO_ReadInputDataBit                    0x08000d1d   Thumb Code    18  stm32f10x_gpio.o(i.GPIO_ReadInputDataBit)
    GPIO_ResetBits                           0x08000d2f   Thumb Code     4  stm32f10x_gpio.o(i.GPIO_ResetBits)
    GPIO_SetBits                             0x08000d33   Thumb Code     4  stm32f10x_gpio.o(i.GPIO_SetBits)
    GPIO_WriteBit                            0x08000d37   Thumb Code    10  stm32f10x_gpio.o(i.GPIO_WriteBit)
    HardFault_Handler                        0x08000d41   Thumb Code     4  stm32f10x_it.o(i.HardFault_Handler)
    Key_GetNum                               0x08000d45   Thumb Code   126  key.o(i.Key_GetNum)
    Key_Init                                 0x08000dd1   Thumb Code    94  key.o(i.Key_Init)
    MPU6050_GetData                          0x08000e3d   Thumb Code   172  mpu6050.o(i.MPU6050_GetData)
    MPU6050_Init                             0x08000ee9   Thumb Code    56  mpu6050.o(i.MPU6050_Init)
    MPU6050_ReadReg                          0x08000f21   Thumb Code    62  mpu6050.o(i.MPU6050_ReadReg)
    MPU6050_WriteReg                         0x08000f5f   Thumb Code    46  mpu6050.o(i.MPU6050_WriteReg)
    MemManage_Handler                        0x08000f8d   Thumb Code     4  stm32f10x_it.o(i.MemManage_Handler)
    Motor_Init                               0x08000f91   Thumb Code    88  motor.o(i.Motor_Init)
    Motor_SetSpeedA                          0x08000ff1   Thumb Code    66  motor.o(i.Motor_SetSpeedA)
    Motor_SetSpeedB                          0x08001039   Thumb Code    66  motor.o(i.Motor_SetSpeedB)
    MyI2C_Init                               0x08001081   Thumb Code    50  myi2c.o(i.MyI2C_Init)
    MyI2C_R_SDA                              0x080010b9   Thumb Code    24  myi2c.o(i.MyI2C_R_SDA)
    MyI2C_ReceiveAck                         0x080010d5   Thumb Code    30  myi2c.o(i.MyI2C_ReceiveAck)
    MyI2C_ReceiveByte                        0x080010f3   Thumb Code    52  myi2c.o(i.MyI2C_ReceiveByte)
    MyI2C_SendAck                            0x08001127   Thumb Code    24  myi2c.o(i.MyI2C_SendAck)
    MyI2C_SendByte                           0x0800113f   Thumb Code    42  myi2c.o(i.MyI2C_SendByte)
    MyI2C_Start                              0x08001169   Thumb Code    28  myi2c.o(i.MyI2C_Start)
    MyI2C_Stop                               0x08001185   Thumb Code    22  myi2c.o(i.MyI2C_Stop)
    MyI2C_W_SCL                              0x0800119d   Thumb Code    24  myi2c.o(i.MyI2C_W_SCL)
    MyI2C_W_SDA                              0x080011b9   Thumb Code    24  myi2c.o(i.MyI2C_W_SDA)
    NMI_Handler                              0x080011d5   Thumb Code     2  stm32f10x_it.o(i.NMI_Handler)
    NVIC_Init                                0x080011d9   Thumb Code   100  misc.o(i.NVIC_Init)
    NVIC_PriorityGroupConfig                 0x08001249   Thumb Code    10  misc.o(i.NVIC_PriorityGroupConfig)
    OLED_Clear                               0x0800125d   Thumb Code    42  oled.o(i.OLED_Clear)
    OLED_I2C_Init                            0x08001289   Thumb Code    84  oled.o(i.OLED_I2C_Init)
    OLED_I2C_SendByte                        0x080012e5   Thumb Code    80  oled.o(i.OLED_I2C_SendByte)
    OLED_I2C_Start                           0x0800133d   Thumb Code    48  oled.o(i.OLED_I2C_Start)
    OLED_I2C_Stop                            0x08001375   Thumb Code    36  oled.o(i.OLED_I2C_Stop)
    OLED_Init                                0x080013a1   Thumb Code   174  oled.o(i.OLED_Init)
    OLED_Pow                                 0x0800144f   Thumb Code    20  oled.o(i.OLED_Pow)
    OLED_SetCursor                           0x08001463   Thumb Code    34  oled.o(i.OLED_SetCursor)
    OLED_ShowChar                            0x08001485   Thumb Code   110  oled.o(i.OLED_ShowChar)
    OLED_ShowNum                             0x080014f9   Thumb Code    68  oled.o(i.OLED_ShowNum)
    OLED_ShowSignedNum                       0x0800153d   Thumb Code   102  oled.o(i.OLED_ShowSignedNum)
    OLED_ShowString                          0x080015a3   Thumb Code    40  oled.o(i.OLED_ShowString)
    OLED_WriteCommand                        0x080015cb   Thumb Code    32  oled.o(i.OLED_WriteCommand)
    OLED_WriteData                           0x080015eb   Thumb Code    32  oled.o(i.OLED_WriteData)
    PWM_Init                                 0x0800160d   Thumb Code   162  pwm.o(i.PWM_Init)
    PWM_SetCompare1                          0x080016b9   Thumb Code    14  pwm.o(i.PWM_SetCompare1)
    PWM_SetCompare2                          0x080016cd   Thumb Code    14  pwm.o(i.PWM_SetCompare2)
    PendSV_Handler                           0x080016e1   Thumb Code     2  stm32f10x_it.o(i.PendSV_Handler)
    RCC_APB1PeriphClockCmd                   0x080016e5   Thumb Code    26  stm32f10x_rcc.o(i.RCC_APB1PeriphClockCmd)
    RCC_APB2PeriphClockCmd                   0x08001705   Thumb Code    26  stm32f10x_rcc.o(i.RCC_APB2PeriphClockCmd)
    RCC_GetClocksFreq                        0x08001725   Thumb Code   192  stm32f10x_rcc.o(i.RCC_GetClocksFreq)
    SVC_Handler                              0x080017f9   Thumb Code     2  stm32f10x_it.o(i.SVC_Handler)
    Serial_Init                              0x080017fd   Thumb Code   172  serial.o(i.Serial_Init)
    SysTick_Handler                          0x08001999   Thumb Code     2  stm32f10x_it.o(i.SysTick_Handler)
    SystemInit                               0x0800199d   Thumb Code    78  system_stm32f10x.o(i.SystemInit)
    TIM1_UP_IRQHandler                       0x08001c3d   Thumb Code    88  main.o(i.TIM1_UP_IRQHandler)
    TIM2_IRQHandler                          0x08001cad   Thumb Code    40  encoder.o(i.TIM2_IRQHandler)
    TIM4_IRQHandler                          0x08001cd9   Thumb Code    34  encoder.o(i.TIM4_IRQHandler)
    TIM8_Init                                0x08001d05   Thumb Code    90  timer.o(i.TIM8_Init)
    TIM8_UP_IRQHandler                       0x08001d65   Thumb Code    40  main.o(i.TIM8_UP_IRQHandler)
    TIM_ClearFlag                            0x08001d95   Thumb Code     6  stm32f10x_tim.o(i.TIM_ClearFlag)
    TIM_ClearITPendingBit                    0x08001d9b   Thumb Code     6  stm32f10x_tim.o(i.TIM_ClearITPendingBit)
    TIM_Cmd                                  0x08001da1   Thumb Code    24  stm32f10x_tim.o(i.TIM_Cmd)
    TIM_EncoderInterfaceConfig               0x08001db9   Thumb Code    66  stm32f10x_tim.o(i.TIM_EncoderInterfaceConfig)
    TIM_GetCounter                           0x08001dfb   Thumb Code     6  stm32f10x_tim.o(i.TIM_GetCounter)
    TIM_GetITStatus                          0x08001e01   Thumb Code    34  stm32f10x_tim.o(i.TIM_GetITStatus)
    TIM_ICInit                               0x08001e25   Thumb Code   150  stm32f10x_tim.o(i.TIM_ICInit)
    TIM_ICStructInit                         0x08001ed1   Thumb Code    18  stm32f10x_tim.o(i.TIM_ICStructInit)
    TIM_ITConfig                             0x08001ee3   Thumb Code    18  stm32f10x_tim.o(i.TIM_ITConfig)
    TIM_InternalClockConfig                  0x08001ef5   Thumb Code    12  stm32f10x_tim.o(i.TIM_InternalClockConfig)
    TIM_OC1Init                              0x08001f01   Thumb Code   132  stm32f10x_tim.o(i.TIM_OC1Init)
    TIM_OC2Init                              0x08001f99   Thumb Code   154  stm32f10x_tim.o(i.TIM_OC2Init)
    TIM_OCStructInit                         0x0800203d   Thumb Code    20  stm32f10x_tim.o(i.TIM_OCStructInit)
    TIM_SetCompare1                          0x08002051   Thumb Code     4  stm32f10x_tim.o(i.TIM_SetCompare1)
    TIM_SetCompare2                          0x08002055   Thumb Code     4  stm32f10x_tim.o(i.TIM_SetCompare2)
    TIM_SetCounter                           0x08002059   Thumb Code     4  stm32f10x_tim.o(i.TIM_SetCounter)
    TIM_SetIC1Prescaler                      0x0800205d   Thumb Code    18  stm32f10x_tim.o(i.TIM_SetIC1Prescaler)
    TIM_SetIC2Prescaler                      0x0800206f   Thumb Code    26  stm32f10x_tim.o(i.TIM_SetIC2Prescaler)
    TIM_SetIC3Prescaler                      0x08002089   Thumb Code    18  stm32f10x_tim.o(i.TIM_SetIC3Prescaler)
    TIM_SetIC4Prescaler                      0x0800209b   Thumb Code    26  stm32f10x_tim.o(i.TIM_SetIC4Prescaler)
    TIM_TimeBaseInit                         0x080020b5   Thumb Code   122  stm32f10x_tim.o(i.TIM_TimeBaseInit)
    TIM_TimeBaseStructInit                   0x08002159   Thumb Code    18  stm32f10x_tim.o(i.TIM_TimeBaseStructInit)
    Timer_Init                               0x0800216d   Thumb Code   120  timer.o(i.Timer_Init)
    USART2_IRQHandler                        0x080021e9   Thumb Code   140  serial.o(i.USART2_IRQHandler)
    USART_ClearITPendingBit                  0x08002289   Thumb Code    30  stm32f10x_usart.o(i.USART_ClearITPendingBit)
    USART_Cmd                                0x080022a7   Thumb Code    24  stm32f10x_usart.o(i.USART_Cmd)
    USART_GetITStatus                        0x080022bf   Thumb Code    84  stm32f10x_usart.o(i.USART_GetITStatus)
    USART_ITConfig                           0x08002313   Thumb Code    74  stm32f10x_usart.o(i.USART_ITConfig)
    USART_Init                               0x0800235d   Thumb Code   210  stm32f10x_usart.o(i.USART_Init)
    USART_ReceiveData                        0x08002435   Thumb Code    10  stm32f10x_usart.o(i.USART_ReceiveData)
    UsageFault_Handler                       0x0800243f   Thumb Code     4  stm32f10x_it.o(i.UsageFault_Handler)
    __ARM_fpclassifyf                        0x08002443   Thumb Code    38  fpclassifyf.o(i.__ARM_fpclassifyf)
    __mathlib_flt_infnan                     0x08002469   Thumb Code     6  funder.o(i.__mathlib_flt_infnan)
    __mathlib_flt_infnan2                    0x0800246f   Thumb Code     4  funder.o(i.__mathlib_flt_infnan2)
    __mathlib_flt_invalid                    0x08002473   Thumb Code     8  funder.o(i.__mathlib_flt_invalid)
    __mathlib_flt_underflow                  0x0800247b   Thumb Code    10  funder.o(i.__mathlib_flt_underflow)
    __scatterload_copy                       0x08002485   Thumb Code    14  handlers.o(i.__scatterload_copy)
    __scatterload_null                       0x08002493   Thumb Code     2  handlers.o(i.__scatterload_null)
    __scatterload_zeroinit                   0x08002495   Thumb Code    14  handlers.o(i.__scatterload_zeroinit)
    __set_errno                              0x080024a5   Thumb Code     6  errno.o(i.__set_errno)
    asinf                                    0x080024b1   Thumb Code   254  asinf.o(i.asinf)
    atan2f                                   0x080025d5   Thumb Code   528  atan2f.o(i.atan2f)
    begin                                    0x08002831   Thumb Code    20  madgwickahrs.o(i.begin)
    computeAngles                            0x08002849   Thumb Code   244  madgwickahrs.o(i.computeAngles)
    dataGetAndFilter                         0x0800295d   Thumb Code   104  main.o(i.dataGetAndFilter)
    dataGetERROR                             0x080029cd   Thumb Code   206  main.o(i.dataGetERROR)
    digtal                                   0x08002ab1   Thumb Code    58  gray_track.o(i.digtal)
    getMPU6050Data                           0x08002af1   Thumb Code   388  main.o(i.getMPU6050Data)
    getYaw                                   0x08002ca9   Thumb Code    32  madgwickahrs.o(i.getYaw)
    gpio_get                                 0x08002cd9   Thumb Code    24  gray_track.o(i.gpio_get)
    gpio_init                                0x08002cf1   Thumb Code   102  gray_track.o(i.gpio_init)
    gray_init                                0x08002d6d   Thumb Code    56  gray_track.o(i.gray_init)
    initEncoder                              0x08002dad   Thumb Code    56  encoder.o(i.initEncoder)
    initPID                                  0x08002de5   Thumb Code    30  pid.o(i.initPID)
    limit                                    0x08002e75   Thumb Code    52  pid.o(i.limit)
    main                                     0x08002ea9   Thumb Code   496  main.o(i.main)
    motor_target_set                         0x080030f9   Thumb Code    24  motor.o(i.motor_target_set)
    myCarControlCodeInit                     0x08003119   Thumb Code   108  main.o(i.myCarControlCodeInit)
    runX                                     0x080031ad   Thumb Code   386  main.o(i.runX)
    setPIDParam                              0x08003341   Thumb Code     8  pid.o(i.setPIDParam)
    setPIDTarget                             0x08003349   Thumb Code     4  pid.o(i.setPIDTarget)
    sqrtf                                    0x0800334d   Thumb Code    44  sqrtf.o(i.sqrtf)
    targetYaw                                0x08003379   Thumb Code   140  main.o(i.targetYaw)
    track                                    0x0800341d   Thumb Code   402  gray_track.o(i.track)
    updateEncoderLoopSimpleVersion           0x080035d5   Thumb Code   412  encoder.o(i.updateEncoderLoopSimpleVersion)
    updateIMU                                0x08003789   Thumb Code  1474  madgwickahrs.o(i.updateIMU)
    updatePID                                0x08003d69   Thumb Code   112  pid.o(i.updatePID)
    OLED_F8x16                               0x08003dd8   Data        1520  oled.o(.constdata)
    Region$$Table$$Base                      0x08004408   Number         0  anon$$obj.o(Region$$Table)
    Region$$Table$$Limit                     0x08004428   Number         0  anon$$obj.o(Region$$Table)
    overflow_count_TIM2                      0x20000014   Data           4  encoder.o(.data)
    overflow_count_TIM4                      0x20000018   Data           4  encoder.o(.data)
    Serial_RxFlag                            0x2000001c   Data           1  serial.o(.data)
    beta                                     0x20000020   Data           4  madgwickahrs.o(.data)
    q0                                       0x20000024   Data           4  madgwickahrs.o(.data)
    q1                                       0x20000028   Data           4  madgwickahrs.o(.data)
    q2                                       0x2000002c   Data           4  madgwickahrs.o(.data)
    q3                                       0x20000030   Data           4  madgwickahrs.o(.data)
    invSampleFreq                            0x20000034   Data           4  madgwickahrs.o(.data)
    roll                                     0x20000038   Data           4  madgwickahrs.o(.data)
    pitch                                    0x2000003c   Data           4  madgwickahrs.o(.data)
    yaw                                      0x20000040   Data           4  madgwickahrs.o(.data)
    anglesComputed                           0x20000044   Data           1  madgwickahrs.o(.data)
    KeyNum                                   0x20000048   Data           1  main.o(.data)
    KeyNumMenu                               0x20000049   Data           1  main.o(.data)
    KeyNumMenuTotal                          0x2000004a   Data           1  main.o(.data)
    MenuFlag                                 0x2000004b   Data           1  main.o(.data)
    LastKeyNumMenu                           0x2000004c   Data           1  main.o(.data)
    LastMenuFlag                             0x2000004d   Data           1  main.o(.data)
    Speed                                    0x2000004e   Data           2  main.o(.data)
    flag                                     0x20000050   Data           4  main.o(.data)
    index_yaw                                0x20000054   Data           4  main.o(.data)
    carFlag                                  0x20000058   Data           4  main.o(.data)
    angle                                    0x20000060   Data           8  main.o(.data)
    AX                                       0x20000068   Data           2  main.o(.data)
    AY                                       0x2000006a   Data           2  main.o(.data)
    AZ                                       0x2000006c   Data           2  main.o(.data)
    GX                                       0x2000006e   Data           2  main.o(.data)
    GY                                       0x20000070   Data           2  main.o(.data)
    GZ                                       0x20000072   Data           2  main.o(.data)
    millis                                   0x20000078   Data           8  main.o(.data)
    ID                                       0x20000080   Data           1  main.o(.data)
    mpu6050                                  0x20000088   Data          40  main.o(.data)
    Serial_RxPacket                          0x200000b4   Data         100  serial.o(.bss)
    ecd_left                                 0x20000118   Data          80  main.o(.bss)
    ecd_right                                0x20000168   Data          80  main.o(.bss)
    vec_left                                 0x200001b8   Data          44  main.o(.bss)
    vec_right                                0x200001e4   Data          44  main.o(.bss)
    msg                                      0x20000210   Data          24  main.o(.bss)
    __initial_sp                             0x20000628   Data           0  startup_stm32f10x_hd.o(STACK)



==============================================================================

Memory Map of the image

  Image Entry point : 0x08000131

  Load Region LR_IROM1 (Base: 0x08000000, Size: 0x000044dc, Max: 0x00040000, ABSOLUTE)

    Execution Region ER_IROM1 (Exec base: 0x08000000, Load base: 0x08000000, Size: 0x00004428, Max: 0x00040000, ABSOLUTE)

    Exec Addr    Load Addr    Size         Type   Attr      Idx    E Section Name        Object

    0x08000000   0x08000000   0x00000130   Data   RO            3    RESET               startup_stm32f10x_hd.o
    0x08000130   0x08000130   0x00000000   Code   RO         4068  * .ARM.Collect$$$$00000000  mc_w.l(entry.o)
    0x08000130   0x08000130   0x00000004   Code   RO         4153    .ARM.Collect$$$$00000001  mc_w.l(entry2.o)
    0x08000134   0x08000134   0x00000004   Code   RO         4156    .ARM.Collect$$$$00000004  mc_w.l(entry5.o)
    0x08000138   0x08000138   0x00000000   Code   RO         4158    .ARM.Collect$$$$00000008  mc_w.l(entry7b.o)
    0x08000138   0x08000138   0x00000000   Code   RO         4160    .ARM.Collect$$$$0000000A  mc_w.l(entry8b.o)
    0x08000138   0x08000138   0x00000008   Code   RO         4161    .ARM.Collect$$$$0000000B  mc_w.l(entry9a.o)
    0x08000140   0x08000140   0x00000000   Code   RO         4163    .ARM.Collect$$$$0000000D  mc_w.l(entry10a.o)
    0x08000140   0x08000140   0x00000000   Code   RO         4165    .ARM.Collect$$$$0000000F  mc_w.l(entry11a.o)
    0x08000140   0x08000140   0x00000004   Code   RO         4154    .ARM.Collect$$$$00002712  mc_w.l(entry2.o)
    0x08000144   0x08000144   0x00000024   Code   RO            4    .text               startup_stm32f10x_hd.o
    0x08000168   0x08000168   0x00000024   Code   RO         4071    .text               mc_w.l(memcpya.o)
    0x0800018c   0x0800018c   0x000000b0   Code   RO         4103    .text               mf_w.l(fadd.o)
    0x0800023c   0x0800023c   0x00000064   Code   RO         4105    .text               mf_w.l(fmul.o)
    0x080002a0   0x080002a0   0x0000007c   Code   RO         4107    .text               mf_w.l(fdiv.o)
    0x0800031c   0x0800031c   0x0000014e   Code   RO         4109    .text               mf_w.l(dadd.o)
    0x0800046a   0x0800046a   0x000000e4   Code   RO         4111    .text               mf_w.l(dmul.o)
    0x0800054e   0x0800054e   0x000000de   Code   RO         4113    .text               mf_w.l(ddiv.o)
    0x0800062c   0x0800062c   0x00000012   Code   RO         4115    .text               mf_w.l(fflti.o)
    0x0800063e   0x0800063e   0x0000000a   Code   RO         4117    .text               mf_w.l(ffltui.o)
    0x08000648   0x08000648   0x0000002c   Code   RO         4119    .text               mf_w.l(ffltl.o)
    0x08000674   0x08000674   0x0000001a   Code   RO         4121    .text               mf_w.l(dfltui.o)
    0x0800068e   0x0800068e   0x00000028   Code   RO         4123    .text               mf_w.l(dfltl.o)
    0x080006b6   0x080006b6   0x00000032   Code   RO         4125    .text               mf_w.l(ffixi.o)
    0x080006e8   0x080006e8   0x00000028   Code   RO         4127    .text               mf_w.l(ffixui.o)
    0x08000710   0x08000710   0x00000026   Code   RO         4129    .text               mf_w.l(f2d.o)
    0x08000736   0x08000736   0x00000038   Code   RO         4131    .text               mf_w.l(d2f.o)
    0x0800076e   0x0800076e   0x00000002   PAD
    0x08000770   0x08000770   0x00000014   Code   RO         4133    .text               mf_w.l(cfcmple.o)
    0x08000784   0x08000784   0x00000014   Code   RO         4135    .text               mf_w.l(cfrcmple.o)
    0x08000798   0x08000798   0x0000001e   Code   RO         4172    .text               mc_w.l(llshl.o)
    0x080007b6   0x080007b6   0x00000024   Code   RO         4174    .text               mc_w.l(llsshr.o)
    0x080007da   0x080007da   0x00000000   Code   RO         4183    .text               mc_w.l(iusefp.o)
    0x080007da   0x080007da   0x0000006e   Code   RO         4184    .text               mf_w.l(fepilogue.o)
    0x08000848   0x08000848   0x00000018   Code   RO         4186    .text               mf_w.l(fscalb.o)
    0x08000860   0x08000860   0x0000005e   Code   RO         4188    .text               mf_w.l(fsqrt.o)
    0x080008be   0x080008be   0x000000ba   Code   RO         4190    .text               mf_w.l(depilogue.o)
    0x08000978   0x08000978   0x00000024   Code   RO         4196    .text               mc_w.l(init.o)
    0x0800099c   0x0800099c   0x00000020   Code   RO         4198    .text               mc_w.l(llushr.o)
    0x080009bc   0x080009bc   0x00000004   Code   RO         3981    i.BusFault_Handler  stm32f10x_it.o
    0x080009c0   0x080009c0   0x00000002   Code   RO         3982    i.DebugMon_Handler  stm32f10x_it.o
    0x080009c2   0x080009c2   0x00000018   Code   RO         3196    i.Delay_ms          delay.o
    0x080009da   0x080009da   0x0000002e   Code   RO         3198    i.Delay_us          delay.o
    0x08000a08   0x08000a08   0x00000018   Code   RO         3449    i.Encoder_Get       encoder.o
    0x08000a20   0x08000a20   0x000000a0   Code   RO         3450    i.Encoder_Init_TIM2  encoder.o
    0x08000ac0   0x08000ac0   0x000000a8   Code   RO         3451    i.Encoder_Init_TIM4  encoder.o
    0x08000b68   0x08000b68   0x0000000c   Code   RO         3452    i.Encoder_Init_TIM_All  encoder.o
    0x08000b74   0x08000b74   0x00000116   Code   RO         1347    i.GPIO_Init         stm32f10x_gpio.o
    0x08000c8a   0x08000c8a   0x00000002   PAD
    0x08000c8c   0x08000c8c   0x00000090   Code   RO         1349    i.GPIO_PinRemapConfig  stm32f10x_gpio.o
    0x08000d1c   0x08000d1c   0x00000012   Code   RO         1351    i.GPIO_ReadInputDataBit  stm32f10x_gpio.o
    0x08000d2e   0x08000d2e   0x00000004   Code   RO         1354    i.GPIO_ResetBits    stm32f10x_gpio.o
    0x08000d32   0x08000d32   0x00000004   Code   RO         1355    i.GPIO_SetBits      stm32f10x_gpio.o
    0x08000d36   0x08000d36   0x0000000a   Code   RO         1358    i.GPIO_WriteBit     stm32f10x_gpio.o
    0x08000d40   0x08000d40   0x00000004   Code   RO         3983    i.HardFault_Handler  stm32f10x_it.o
    0x08000d44   0x08000d44   0x0000008c   Code   RO         3428    i.Key_GetNum        key.o
    0x08000dd0   0x08000dd0   0x0000006c   Code   RO         3429    i.Key_Init          key.o
    0x08000e3c   0x08000e3c   0x000000ac   Code   RO         3686    i.MPU6050_GetData   mpu6050.o
    0x08000ee8   0x08000ee8   0x00000038   Code   RO         3688    i.MPU6050_Init      mpu6050.o
    0x08000f20   0x08000f20   0x0000003e   Code   RO         3689    i.MPU6050_ReadReg   mpu6050.o
    0x08000f5e   0x08000f5e   0x0000002e   Code   RO         3690    i.MPU6050_WriteReg  mpu6050.o
    0x08000f8c   0x08000f8c   0x00000004   Code   RO         3984    i.MemManage_Handler  stm32f10x_it.o
    0x08000f90   0x08000f90   0x00000060   Code   RO         3358    i.Motor_Init        motor.o
    0x08000ff0   0x08000ff0   0x00000048   Code   RO         3360    i.Motor_SetSpeedA   motor.o
    0x08001038   0x08001038   0x00000048   Code   RO         3361    i.Motor_SetSpeedB   motor.o
    0x08001080   0x08001080   0x00000038   Code   RO         3728    i.MyI2C_Init        myi2c.o
    0x080010b8   0x080010b8   0x0000001c   Code   RO         3729    i.MyI2C_R_SDA       myi2c.o
    0x080010d4   0x080010d4   0x0000001e   Code   RO         3730    i.MyI2C_ReceiveAck  myi2c.o
    0x080010f2   0x080010f2   0x00000034   Code   RO         3731    i.MyI2C_ReceiveByte  myi2c.o
    0x08001126   0x08001126   0x00000018   Code   RO         3732    i.MyI2C_SendAck     myi2c.o
    0x0800113e   0x0800113e   0x0000002a   Code   RO         3733    i.MyI2C_SendByte    myi2c.o
    0x08001168   0x08001168   0x0000001c   Code   RO         3734    i.MyI2C_Start       myi2c.o
    0x08001184   0x08001184   0x00000016   Code   RO         3735    i.MyI2C_Stop        myi2c.o
    0x0800119a   0x0800119a   0x00000002   PAD
    0x0800119c   0x0800119c   0x0000001c   Code   RO         3736    i.MyI2C_W_SCL       myi2c.o
    0x080011b8   0x080011b8   0x0000001c   Code   RO         3737    i.MyI2C_W_SDA       myi2c.o
    0x080011d4   0x080011d4   0x00000002   Code   RO         3985    i.NMI_Handler       stm32f10x_it.o
    0x080011d6   0x080011d6   0x00000002   PAD
    0x080011d8   0x080011d8   0x00000070   Code   RO          137    i.NVIC_Init         misc.o
    0x08001248   0x08001248   0x00000014   Code   RO          138    i.NVIC_PriorityGroupConfig  misc.o
    0x0800125c   0x0800125c   0x0000002a   Code   RO         3220    i.OLED_Clear        oled.o
    0x08001286   0x08001286   0x00000002   PAD
    0x08001288   0x08001288   0x0000005c   Code   RO         3221    i.OLED_I2C_Init     oled.o
    0x080012e4   0x080012e4   0x00000058   Code   RO         3222    i.OLED_I2C_SendByte  oled.o
    0x0800133c   0x0800133c   0x00000038   Code   RO         3223    i.OLED_I2C_Start    oled.o
    0x08001374   0x08001374   0x0000002c   Code   RO         3224    i.OLED_I2C_Stop     oled.o
    0x080013a0   0x080013a0   0x000000ae   Code   RO         3225    i.OLED_Init         oled.o
    0x0800144e   0x0800144e   0x00000014   Code   RO         3226    i.OLED_Pow          oled.o
    0x08001462   0x08001462   0x00000022   Code   RO         3227    i.OLED_SetCursor    oled.o
    0x08001484   0x08001484   0x00000074   Code   RO         3229    i.OLED_ShowChar     oled.o
    0x080014f8   0x080014f8   0x00000044   Code   RO         3231    i.OLED_ShowNum      oled.o
    0x0800153c   0x0800153c   0x00000066   Code   RO         3232    i.OLED_ShowSignedNum  oled.o
    0x080015a2   0x080015a2   0x00000028   Code   RO         3233    i.OLED_ShowString   oled.o
    0x080015ca   0x080015ca   0x00000020   Code   RO         3234    i.OLED_WriteCommand  oled.o
    0x080015ea   0x080015ea   0x00000020   Code   RO         3235    i.OLED_WriteData    oled.o
    0x0800160a   0x0800160a   0x00000002   PAD
    0x0800160c   0x0800160c   0x000000ac   Code   RO         3404    i.PWM_Init          pwm.o
    0x080016b8   0x080016b8   0x00000014   Code   RO         3405    i.PWM_SetCompare1   pwm.o
    0x080016cc   0x080016cc   0x00000014   Code   RO         3406    i.PWM_SetCompare2   pwm.o
    0x080016e0   0x080016e0   0x00000002   Code   RO         3986    i.PendSV_Handler    stm32f10x_it.o
    0x080016e2   0x080016e2   0x00000002   PAD
    0x080016e4   0x080016e4   0x00000020   Code   RO         1775    i.RCC_APB1PeriphClockCmd  stm32f10x_rcc.o
    0x08001704   0x08001704   0x00000020   Code   RO         1777    i.RCC_APB2PeriphClockCmd  stm32f10x_rcc.o
    0x08001724   0x08001724   0x000000d4   Code   RO         1785    i.RCC_GetClocksFreq  stm32f10x_rcc.o
    0x080017f8   0x080017f8   0x00000002   Code   RO         3987    i.SVC_Handler       stm32f10x_it.o
    0x080017fa   0x080017fa   0x00000002   PAD
    0x080017fc   0x080017fc   0x000000b4   Code   RO         3615    i.Serial_Init       serial.o
    0x080018b0   0x080018b0   0x00000008   Code   RO           24    i.SetSysClock       system_stm32f10x.o
    0x080018b8   0x080018b8   0x000000e0   Code   RO           25    i.SetSysClockTo72   system_stm32f10x.o
    0x08001998   0x08001998   0x00000002   Code   RO         3988    i.SysTick_Handler   stm32f10x_it.o
    0x0800199a   0x0800199a   0x00000002   PAD
    0x0800199c   0x0800199c   0x00000060   Code   RO           27    i.SystemInit        system_stm32f10x.o
    0x080019fc   0x080019fc   0x00000080   Code   RO         2405    i.TI1_Config        stm32f10x_tim.o
    0x08001a7c   0x08001a7c   0x00000098   Code   RO         2406    i.TI2_Config        stm32f10x_tim.o
    0x08001b14   0x08001b14   0x00000090   Code   RO         2407    i.TI3_Config        stm32f10x_tim.o
    0x08001ba4   0x08001ba4   0x00000098   Code   RO         2408    i.TI4_Config        stm32f10x_tim.o
    0x08001c3c   0x08001c3c   0x00000070   Code   RO         3875    i.TIM1_UP_IRQHandler  main.o
    0x08001cac   0x08001cac   0x0000002c   Code   RO         3454    i.TIM2_IRQHandler   encoder.o
    0x08001cd8   0x08001cd8   0x0000002c   Code   RO         3455    i.TIM4_IRQHandler   encoder.o
    0x08001d04   0x08001d04   0x00000060   Code   RO         3515    i.TIM8_Init         timer.o
    0x08001d64   0x08001d64   0x00000030   Code   RO         3876    i.TIM8_UP_IRQHandler  main.o
    0x08001d94   0x08001d94   0x00000006   Code   RO         2415    i.TIM_ClearFlag     stm32f10x_tim.o
    0x08001d9a   0x08001d9a   0x00000006   Code   RO         2416    i.TIM_ClearITPendingBit  stm32f10x_tim.o
    0x08001da0   0x08001da0   0x00000018   Code   RO         2421    i.TIM_Cmd           stm32f10x_tim.o
    0x08001db8   0x08001db8   0x00000042   Code   RO         2430    i.TIM_EncoderInterfaceConfig  stm32f10x_tim.o
    0x08001dfa   0x08001dfa   0x00000006   Code   RO         2440    i.TIM_GetCounter    stm32f10x_tim.o
    0x08001e00   0x08001e00   0x00000022   Code   RO         2442    i.TIM_GetITStatus   stm32f10x_tim.o
    0x08001e22   0x08001e22   0x00000002   PAD
    0x08001e24   0x08001e24   0x000000ac   Code   RO         2444    i.TIM_ICInit        stm32f10x_tim.o
    0x08001ed0   0x08001ed0   0x00000012   Code   RO         2445    i.TIM_ICStructInit  stm32f10x_tim.o
    0x08001ee2   0x08001ee2   0x00000012   Code   RO         2446    i.TIM_ITConfig      stm32f10x_tim.o
    0x08001ef4   0x08001ef4   0x0000000c   Code   RO         2448    i.TIM_InternalClockConfig  stm32f10x_tim.o
    0x08001f00   0x08001f00   0x00000098   Code   RO         2450    i.TIM_OC1Init       stm32f10x_tim.o
    0x08001f98   0x08001f98   0x000000a4   Code   RO         2455    i.TIM_OC2Init       stm32f10x_tim.o
    0x0800203c   0x0800203c   0x00000014   Code   RO         2468    i.TIM_OCStructInit  stm32f10x_tim.o
    0x08002050   0x08002050   0x00000004   Code   RO         2482    i.TIM_SetCompare1   stm32f10x_tim.o
    0x08002054   0x08002054   0x00000004   Code   RO         2483    i.TIM_SetCompare2   stm32f10x_tim.o
    0x08002058   0x08002058   0x00000004   Code   RO         2486    i.TIM_SetCounter    stm32f10x_tim.o
    0x0800205c   0x0800205c   0x00000012   Code   RO         2487    i.TIM_SetIC1Prescaler  stm32f10x_tim.o
    0x0800206e   0x0800206e   0x0000001a   Code   RO         2488    i.TIM_SetIC2Prescaler  stm32f10x_tim.o
    0x08002088   0x08002088   0x00000012   Code   RO         2489    i.TIM_SetIC3Prescaler  stm32f10x_tim.o
    0x0800209a   0x0800209a   0x0000001a   Code   RO         2490    i.TIM_SetIC4Prescaler  stm32f10x_tim.o
    0x080020b4   0x080020b4   0x000000a4   Code   RO         2492    i.TIM_TimeBaseInit  stm32f10x_tim.o
    0x08002158   0x08002158   0x00000012   Code   RO         2493    i.TIM_TimeBaseStructInit  stm32f10x_tim.o
    0x0800216a   0x0800216a   0x00000002   PAD
    0x0800216c   0x0800216c   0x0000007c   Code   RO         3516    i.Timer_Init        timer.o
    0x080021e8   0x080021e8   0x000000a0   Code   RO         3622    i.USART2_IRQHandler  serial.o
    0x08002288   0x08002288   0x0000001e   Code   RO         2957    i.USART_ClearITPendingBit  stm32f10x_usart.o
    0x080022a6   0x080022a6   0x00000018   Code   RO         2960    i.USART_Cmd         stm32f10x_usart.o
    0x080022be   0x080022be   0x00000054   Code   RO         2964    i.USART_GetITStatus  stm32f10x_usart.o
    0x08002312   0x08002312   0x0000004a   Code   RO         2966    i.USART_ITConfig    stm32f10x_usart.o
    0x0800235c   0x0800235c   0x000000d8   Code   RO         2967    i.USART_Init        stm32f10x_usart.o
    0x08002434   0x08002434   0x0000000a   Code   RO         2974    i.USART_ReceiveData  stm32f10x_usart.o
    0x0800243e   0x0800243e   0x00000004   Code   RO         3989    i.UsageFault_Handler  stm32f10x_it.o
    0x08002442   0x08002442   0x00000026   Code   RO         4137    i.__ARM_fpclassifyf  m_ws.l(fpclassifyf.o)
    0x08002468   0x08002468   0x00000006   Code   RO         4140    i.__mathlib_flt_infnan  m_ws.l(funder.o)
    0x0800246e   0x0800246e   0x00000004   Code   RO         4141    i.__mathlib_flt_infnan2  m_ws.l(funder.o)
    0x08002472   0x08002472   0x00000008   Code   RO         4142    i.__mathlib_flt_invalid  m_ws.l(funder.o)
    0x0800247a   0x0800247a   0x0000000a   Code   RO         4145    i.__mathlib_flt_underflow  m_ws.l(funder.o)
    0x08002484   0x08002484   0x0000000e   Code   RO         4202    i.__scatterload_copy  mc_w.l(handlers.o)
    0x08002492   0x08002492   0x00000002   Code   RO         4203    i.__scatterload_null  mc_w.l(handlers.o)
    0x08002494   0x08002494   0x0000000e   Code   RO         4204    i.__scatterload_zeroinit  mc_w.l(handlers.o)
    0x080024a2   0x080024a2   0x00000002   PAD
    0x080024a4   0x080024a4   0x0000000c   Code   RO         4178    i.__set_errno       mc_w.l(errno.o)
    0x080024b0   0x080024b0   0x00000124   Code   RO         4045    i.asinf             m_ws.l(asinf.o)
    0x080025d4   0x080025d4   0x0000025c   Code   RO         4053    i.atan2f            m_ws.l(atan2f.o)
    0x08002830   0x08002830   0x00000018   Code   RO         3794    i.begin             madgwickahrs.o
    0x08002848   0x08002848   0x00000114   Code   RO         3795    i.computeAngles     madgwickahrs.o
    0x0800295c   0x0800295c   0x00000070   Code   RO         3878    i.dataGetAndFilter  main.o
    0x080029cc   0x080029cc   0x000000e4   Code   RO         3879    i.dataGetERROR      main.o
    0x08002ab0   0x08002ab0   0x00000040   Code   RO         3572    i.digtal            gray_track.o
    0x08002af0   0x08002af0   0x000001b8   Code   RO         3880    i.getMPU6050Data    main.o
    0x08002ca8   0x08002ca8   0x00000030   Code   RO         3800    i.getYaw            madgwickahrs.o
    0x08002cd8   0x08002cd8   0x00000018   Code   RO         3573    i.gpio_get          gray_track.o
    0x08002cf0   0x08002cf0   0x0000007c   Code   RO         3574    i.gpio_init         gray_track.o
    0x08002d6c   0x08002d6c   0x00000040   Code   RO         3575    i.gray_init         gray_track.o
    0x08002dac   0x08002dac   0x00000038   Code   RO         3456    i.initEncoder       encoder.o
    0x08002de4   0x08002de4   0x0000001e   Code   RO         3536    i.initPID           pid.o
    0x08002e02   0x08002e02   0x00000002   PAD
    0x08002e04   0x08002e04   0x00000070   Code   RO         3802    i.invSqrt           madgwickahrs.o
    0x08002e74   0x08002e74   0x00000034   Code   RO         3537    i.limit             pid.o
    0x08002ea8   0x08002ea8   0x00000250   Code   RO         3881    i.main              main.o
    0x080030f8   0x080030f8   0x00000020   Code   RO         3362    i.motor_target_set  motor.o
    0x08003118   0x08003118   0x00000094   Code   RO         3882    i.myCarControlCodeInit  main.o
    0x080031ac   0x080031ac   0x00000194   Code   RO         3883    i.runX              main.o
    0x08003340   0x08003340   0x00000008   Code   RO         3538    i.setPIDParam       pid.o
    0x08003348   0x08003348   0x00000004   Code   RO         3539    i.setPIDTarget      pid.o
    0x0800334c   0x0800334c   0x0000002c   Code   RO         4061    i.sqrtf             m_ws.l(sqrtf.o)
    0x08003378   0x08003378   0x000000a4   Code   RO         3884    i.targetYaw         main.o
    0x0800341c   0x0800341c   0x000001b8   Code   RO         3576    i.track             gray_track.o
    0x080035d4   0x080035d4   0x000001b4   Code   RO         3457    i.updateEncoderLoopSimpleVersion  encoder.o
    0x08003788   0x08003788   0x000005e0   Code   RO         3804    i.updateIMU         madgwickahrs.o
    0x08003d68   0x08003d68   0x00000070   Code   RO         3540    i.updatePID         pid.o
    0x08003dd8   0x08003dd8   0x000005f0   Data   RO         3236    .constdata          oled.o
    0x080043c8   0x080043c8   0x00000030   Data   RO         3577    .constdata          gray_track.o
    0x080043f8   0x080043f8   0x00000010   Data   RO         3886    .constdata          main.o
    0x08004408   0x08004408   0x00000020   Data   RO         4200    Region$$Table       anon$$obj.o


    Execution Region RW_IRAM1 (Exec base: 0x20000000, Load base: 0x08004428, Size: 0x00000628, Max: 0x0000c000, ABSOLUTE)

    Exec Addr    Load Addr    Size         Type   Attr      Idx    E Section Name        Object

    0x20000000   0x08004428   0x00000014   Data   RW         1805    .data               stm32f10x_rcc.o
    0x20000014   0x0800443c   0x00000008   Data   RW         3458    .data               encoder.o
    0x2000001c   0x08004444   0x00000003   Data   RW         3625    .data               serial.o
    0x2000001f   0x08004447   0x00000001   PAD
    0x20000020   0x08004448   0x00000025   Data   RW         3805    .data               madgwickahrs.o
    0x20000045   0x0800446d   0x00000003   PAD
    0x20000048   0x08004470   0x00000068   Data   RW         3887    .data               main.o
    0x200000b0   0x080044d8   0x00000004   Data   RW         4179    .data               mc_w.l(errno.o)
    0x200000b4        -       0x00000064   Zero   RW         3624    .bss                serial.o
    0x20000118        -       0x00000110   Zero   RW         3885    .bss                main.o
    0x20000228        -       0x00000400   Zero   RW            1    STACK               startup_stm32f10x_hd.o


==============================================================================

Image component sizes


      Code (inc. data)   RO Data    RW Data    ZI Data      Debug   Object Name

         0          0          0          0          0       4500   core_cm3.o
        70          0          0          0          0        842   delay.o
       944         54          0          8          0       4670   encoder.o
       716         74         48          0          0       3212   gray_track.o
       248         28          0          0          0        956   key.o
      1964        106          0         37          0       4040   madgwickahrs.o
      2248        292         16        104        272       6956   main.o
       132         22          0          0          0     205939   misc.o
       272         28          0          0          0       3072   motor.o
       336          0          0          0          0       2558   mpu6050.o
       338         18          0          0          0       4454   myi2c.o
       940         38       1520          0          0       7614   oled.o
       206          0          0          0          0       2727   pid.o
       212         22          0          0          0       1483   pwm.o
       340         28          0          3        100       1750   serial.o
        36          8        304          0       1024        776   startup_stm32f10x_hd.o
         0          0          0          0          0       1616   stm32f10x_adc.o
       458          6          0          0          0      12806   stm32f10x_gpio.o
        26          0          0          0          0       3370   stm32f10x_it.o
       276         32          0         20          0      12730   stm32f10x_rcc.o
      1556        180          0          0          0      34755   stm32f10x_tim.o
       438          6          0          0          0      11048   stm32f10x_usart.o
       328         28          0          0          0      44885   system_stm32f10x.o
       220         10          0          0          0       1013   timer.o

    ----------------------------------------------------------------------
     12326        980       1920        176       1396     377772   Object Totals
         0          0         32          0          0          0   (incl. Generated)
        22          0          0          4          0          0   (incl. Padding)

    ----------------------------------------------------------------------

      Code (inc. data)   RO Data    RW Data    ZI Data      Debug   Library Member Name

       292         38          0          0          0        120   asinf.o
       604         76          0          0          0        116   atan2f.o
        38          0          0          0          0         68   fpclassifyf.o
        28          0          0          0          0        272   funder.o
        44          0          0          0          0         80   sqrtf.o
         0          0          0          0          0          0   entry.o
         0          0          0          0          0          0   entry10a.o
         0          0          0          0          0          0   entry11a.o
         8          4          0          0          0          0   entry2.o
         4          0          0          0          0          0   entry5.o
         0          0          0          0          0          0   entry7b.o
         0          0          0          0          0          0   entry8b.o
         8          4          0          0          0          0   entry9a.o
        12          6          0          4          0         68   errno.o
        30          0          0          0          0          0   handlers.o
        36          8          0          0          0         68   init.o
         0          0          0          0          0          0   iusefp.o
        30          0          0          0          0         68   llshl.o
        36          0          0          0          0         68   llsshr.o
        32          0          0          0          0         68   llushr.o
        36          0          0          0          0         68   memcpya.o
        20          0          0          0          0         68   cfcmple.o
        20          0          0          0          0         68   cfrcmple.o
        56          0          0          0          0         88   d2f.o
       334          0          0          0          0        148   dadd.o
       222          0          0          0          0        100   ddiv.o
       186          0          0          0          0        176   depilogue.o
        40          0          0          0          0         80   dfltl.o
        26          0          0          0          0         76   dfltui.o
       228          0          0          0          0         96   dmul.o
        38          0          0          0          0         68   f2d.o
       176          0          0          0          0        140   fadd.o
       124          0          0          0          0         88   fdiv.o
       110          0          0          0          0        168   fepilogue.o
        50          0          0          0          0         68   ffixi.o
        40          0          0          0          0         68   ffixui.o
        18          0          0          0          0         68   fflti.o
        44          0          0          0          0         92   ffltl.o
        10          0          0          0          0         68   ffltui.o
       100          0          0          0          0         76   fmul.o
        24          0          0          0          0         68   fscalb.o
        94          0          0          0          0         96   fsqrt.o

    ----------------------------------------------------------------------
      3202        136          0          4          0       3032   Library Totals
         4          0          0          0          0          0   (incl. Padding)

    ----------------------------------------------------------------------

      Code (inc. data)   RO Data    RW Data    ZI Data      Debug   Library Name

      1006        114          0          0          0        656   m_ws.l
       232         22          0          4          0        408   mc_w.l
      1960          0          0          0          0       1968   mf_w.l

    ----------------------------------------------------------------------
      3202        136          0          4          0       3032   Library Totals

    ----------------------------------------------------------------------

==============================================================================


      Code (inc. data)   RO Data    RW Data    ZI Data      Debug   

     15528       1116       1920        180       1396     372688   Grand Totals
     15528       1116       1920        180       1396     372688   ELF Image Totals
     15528       1116       1920        180          0          0   ROM Totals

==============================================================================

    Total RO  Size (Code + RO Data)                17448 (  17.04kB)
    Total RW  Size (RW Data + ZI Data)              1576 (   1.54kB)
    Total ROM Size (Code + RO Data + RW Data)      17628 (  17.21kB)

==============================================================================

